Archive member included to satisfy reference by file (symbol)

/mnt/n7fs/ens/tp_ermont/IoT/gcc-arm-none-eabi-10.3-2021.10/bin/../lib/gcc/arm-none-eabi/10.3.1/../../../../arm-none-eabi/lib/thumb/v7-m/nofp/libm.a(lib_a-w_exp2.o)
                              build/cc26x0-cc13x0/sensortag/cc2650/obj/opt-3001-sensor.o (exp2)
/mnt/n7fs/ens/tp_ermont/IoT/gcc-arm-none-eabi-10.3-2021.10/bin/../lib/gcc/arm-none-eabi/10.3.1/../../../../arm-none-eabi/lib/thumb/v7-m/nofp/libm.a(lib_a-w_pow.o)
                              /mnt/n7fs/ens/tp_ermont/IoT/gcc-arm-none-eabi-10.3-2021.10/bin/../lib/gcc/arm-none-eabi/10.3.1/../../../../arm-none-eabi/lib/thumb/v7-m/nofp/libm.a(lib_a-w_exp2.o) (pow)
/mnt/n7fs/ens/tp_ermont/IoT/gcc-arm-none-eabi-10.3-2021.10/bin/../lib/gcc/arm-none-eabi/10.3.1/../../../../arm-none-eabi/lib/thumb/v7-m/nofp/libm.a(lib_a-e_pow.o)
                              /mnt/n7fs/ens/tp_ermont/IoT/gcc-arm-none-eabi-10.3-2021.10/bin/../lib/gcc/arm-none-eabi/10.3.1/../../../../arm-none-eabi/lib/thumb/v7-m/nofp/libm.a(lib_a-w_pow.o) (__ieee754_pow)
/mnt/n7fs/ens/tp_ermont/IoT/gcc-arm-none-eabi-10.3-2021.10/bin/../lib/gcc/arm-none-eabi/10.3.1/../../../../arm-none-eabi/lib/thumb/v7-m/nofp/libm.a(lib_a-e_sqrt.o)
                              /mnt/n7fs/ens/tp_ermont/IoT/gcc-arm-none-eabi-10.3-2021.10/bin/../lib/gcc/arm-none-eabi/10.3.1/../../../../arm-none-eabi/lib/thumb/v7-m/nofp/libm.a(lib_a-e_pow.o) (__ieee754_sqrt)
/mnt/n7fs/ens/tp_ermont/IoT/gcc-arm-none-eabi-10.3-2021.10/bin/../lib/gcc/arm-none-eabi/10.3.1/../../../../arm-none-eabi/lib/thumb/v7-m/nofp/libm.a(lib_a-math_err.o)
                              /mnt/n7fs/ens/tp_ermont/IoT/gcc-arm-none-eabi-10.3-2021.10/bin/../lib/gcc/arm-none-eabi/10.3.1/../../../../arm-none-eabi/lib/thumb/v7-m/nofp/libm.a(lib_a-e_pow.o) (__math_uflow)
/mnt/n7fs/ens/tp_ermont/IoT/gcc-arm-none-eabi-10.3-2021.10/bin/../lib/gcc/arm-none-eabi/10.3.1/../../../../arm-none-eabi/lib/thumb/v7-m/nofp/libm.a(lib_a-s_fabs.o)
                              /mnt/n7fs/ens/tp_ermont/IoT/gcc-arm-none-eabi-10.3-2021.10/bin/../lib/gcc/arm-none-eabi/10.3.1/../../../../arm-none-eabi/lib/thumb/v7-m/nofp/libm.a(lib_a-e_pow.o) (fabs)
/mnt/n7fs/ens/tp_ermont/IoT/gcc-arm-none-eabi-10.3-2021.10/bin/../lib/gcc/arm-none-eabi/10.3.1/../../../../arm-none-eabi/lib/thumb/v7-m/nofp/libm.a(lib_a-s_finite.o)
                              /mnt/n7fs/ens/tp_ermont/IoT/gcc-arm-none-eabi-10.3-2021.10/bin/../lib/gcc/arm-none-eabi/10.3.1/../../../../arm-none-eabi/lib/thumb/v7-m/nofp/libm.a(lib_a-w_pow.o) (finite)
/mnt/n7fs/ens/tp_ermont/IoT/gcc-arm-none-eabi-10.3-2021.10/bin/../lib/gcc/arm-none-eabi/10.3.1/../../../../arm-none-eabi/lib/thumb/v7-m/nofp/libm.a(lib_a-s_scalbn.o)
                              /mnt/n7fs/ens/tp_ermont/IoT/gcc-arm-none-eabi-10.3-2021.10/bin/../lib/gcc/arm-none-eabi/10.3.1/../../../../arm-none-eabi/lib/thumb/v7-m/nofp/libm.a(lib_a-e_pow.o) (scalbn)
/mnt/n7fs/ens/tp_ermont/IoT/gcc-arm-none-eabi-10.3-2021.10/bin/../lib/gcc/arm-none-eabi/10.3.1/thumb/v7-m/nofp/libgcc.a(_arm_muldf3.o)
                              build/cc26x0-cc13x0/sensortag/cc2650/obj/opt-3001-sensor.o (__aeabi_dmul)
/mnt/n7fs/ens/tp_ermont/IoT/gcc-arm-none-eabi-10.3-2021.10/bin/../lib/gcc/arm-none-eabi/10.3.1/thumb/v7-m/nofp/libgcc.a(_arm_mulsf3.o)
                              build/cc26x0-cc13x0/sensortag/cc2650/obj/tmp-007-sensor.o (__aeabi_fmul)
/mnt/n7fs/ens/tp_ermont/IoT/gcc-arm-none-eabi-10.3-2021.10/bin/../lib/gcc/arm-none-eabi/10.3.1/thumb/v7-m/nofp/libgcc.a(_arm_addsubdf3.o)
                              build/cc26x0-cc13x0/sensortag/cc2650/obj/hdc-1000-sensor.o (__aeabi_dsub)
/mnt/n7fs/ens/tp_ermont/IoT/gcc-arm-none-eabi-10.3-2021.10/bin/../lib/gcc/arm-none-eabi/10.3.1/thumb/v7-m/nofp/libgcc.a(_arm_muldivdf3.o)
                              build/cc26x0-cc13x0/sensortag/cc2650/obj/mpu-9250-sensor.o (__aeabi_ddiv)
/mnt/n7fs/ens/tp_ermont/IoT/gcc-arm-none-eabi-10.3-2021.10/bin/../lib/gcc/arm-none-eabi/10.3.1/thumb/v7-m/nofp/libgcc.a(_arm_cmpdf2.o)
                              /mnt/n7fs/ens/tp_ermont/IoT/gcc-arm-none-eabi-10.3-2021.10/bin/../lib/gcc/arm-none-eabi/10.3.1/../../../../arm-none-eabi/lib/thumb/v7-m/nofp/libm.a(lib_a-w_pow.o) (__aeabi_dcmpeq)
/mnt/n7fs/ens/tp_ermont/IoT/gcc-arm-none-eabi-10.3-2021.10/bin/../lib/gcc/arm-none-eabi/10.3.1/thumb/v7-m/nofp/libgcc.a(_arm_unorddf2.o)
                              /mnt/n7fs/ens/tp_ermont/IoT/gcc-arm-none-eabi-10.3-2021.10/bin/../lib/gcc/arm-none-eabi/10.3.1/../../../../arm-none-eabi/lib/thumb/v7-m/nofp/libm.a(lib_a-w_pow.o) (__aeabi_dcmpun)
/mnt/n7fs/ens/tp_ermont/IoT/gcc-arm-none-eabi-10.3-2021.10/bin/../lib/gcc/arm-none-eabi/10.3.1/thumb/v7-m/nofp/libgcc.a(_arm_fixunsdfsi.o)
                              build/cc26x0-cc13x0/sensortag/cc2650/obj/ble-hal-cc26xx.o (__aeabi_d2uiz)
/mnt/n7fs/ens/tp_ermont/IoT/gcc-arm-none-eabi-10.3-2021.10/bin/../lib/gcc/arm-none-eabi/10.3.1/thumb/v7-m/nofp/libgcc.a(_arm_truncdfsf2.o)
[...]
Memory Configuration

Name             Origin             Length             Attributes
FLASH            0x0000000000000000 0x000000000001ffa8 xr
FLASH_CCFG       0x000000000001ffa8 0x0000000000000058 xr
SRAM             0x0000000020000000 0x0000000000005000 xrw
GPRAM            0x0000000011000000 0x0000000000002000 xrw
*default*        0x0000000000000000 0xffffffffffffffff

Linker script and memory map

LOAD build/cc26x0-cc13x0/sensortag/cc2650/obj/fault-handlers.o
LOAD build/cc26x0-cc13x0/sensortag/cc2650/obj/ccfg.o
LOAD build/cc26x0-cc13x0/sensortag/cc2650/obj/startup_gcc.o
LOAD build/cc26x0-cc13x0/sensortag/cc2650/obj/platform.o
LOAD build/cc26x0-cc13x0/sensortag/cc2650/obj/leds-arch.o
LOAD build/cc26x0-cc13x0/sensortag/cc2650/obj/sensortag-sensors.o
LOAD build/cc26x0-cc13x0/sensortag/cc2650/obj/board-buttons.o
LOAD build/cc26x0-cc13x0/sensortag/cc2650/obj/sensor-common.o
LOAD build/cc26x0-cc13x0/sensortag/cc2650/obj/bmp-280-sensor.o
LOAD build/cc26x0-cc13x0/sensortag/cc2650/obj/tmp-007-sensor.o
LOAD build/cc26x0-cc13x0/sensortag/cc2650/obj/opt-3001-sensor.o
LOAD build/cc26x0-cc13x0/sensortag/cc2650/obj/hdc-1000-sensor.o
LOAD build/cc26x0-cc13x0/sensortag/cc2650/obj/mpu-9250-sensor.o
LOAD build/cc26x0-cc13x0/sensortag/cc2650/obj/xmem.o
LOAD build/cc26x0-cc13x0/sensortag/cc2650/obj/buzzer.o
LOAD build/cc26x0-cc13x0/sensortag/cc2650/obj/board.o
LOAD build/cc26x0-cc13x0/sensortag/cc2650/obj/board-i2c.o
LOAD build/cc26x0-cc13x0/sensortag/cc2650/obj/clock.o
LOAD build/cc26x0-cc13x0/sensortag/cc2650/obj/rtimer-arch.o
LOAD build/cc26x0-cc13x0/sensortag/cc2650/obj/soc-rtc.o
LOAD build/cc26x0-cc13x0/sensortag/cc2650/obj/uart.o
LOAD build/cc26x0-cc13x0/sensortag/cc2650/obj/contiki-watchdog.o
LOAD build/cc26x0-cc13x0/sensortag/cc2650/obj/aux-ctrl.o
LOAD build/cc26x0-cc13x0/sensortag/cc2650/obj/dbg.o
LOAD build/cc26x0-cc13x0/sensortag/cc2650/obj/ieee-addr.o
LOAD build/cc26x0-cc13x0/sensortag/cc2650/obj/batmon-sensor.o
LOAD build/cc26x0-cc13x0/sensortag/cc2650/obj/adc-sensor.o
LOAD build/cc26x0-cc13x0/sensortag/cc2650/obj/slip-arch.o
LOAD build/cc26x0-cc13x0/sensortag/cc2650/obj/slip.o
LOAD build/cc26x0-cc13x0/sensortag/cc2650/obj/cc26xx-uart.o
LOAD build/cc26x0-cc13x0/sensortag/cc2650/obj/lpm.o
LOAD build/cc26x0-cc13x0/sensortag/cc2650/obj/gpio-interrupt.o
LOAD build/cc26x0-cc13x0/sensortag/cc2650/obj/gpio-hal-arch.o
LOAD build/cc26x0-cc13x0/sensortag/cc2650/obj/oscillators.o
LOAD build/cc26x0-cc13x0/sensortag/cc2650/obj/rf-core.o
LOAD build/cc26x0-cc13x0/sensortag/cc2650/obj/rf-ble.o
LOAD build/cc26x0-cc13x0/sensortag/cc2650/obj/ieee-mode.o
LOAD build/cc26x0-cc13x0/sensortag/cc2650/obj/ble-cc2650.o
LOAD build/cc26x0-cc13x0/sensortag/cc2650/obj/ble-hal-cc26xx.o
LOAD build/cc26x0-cc13x0/sensortag/cc2650/obj/ble-addr.o
LOAD build/cc26x0-cc13x0/sensortag/cc2650/obj/rf-ble-cmd.o
LOAD build/cc26x0-cc13x0/sensortag/cc2650/obj/random.o
LOAD build/cc26x0-cc13x0/sensortag/cc2650/obj/soc-trng.o
LOAD build/cc26x0-cc13x0/sensortag/cc2650/obj/int-master.o
LOAD build/cc26x0-cc13x0/sensortag/cc2650/obj/spi-arch.o
LOAD build/cc26x0-cc13x0/sensortag/cc2650/obj/cc26xx-aes.o
LOAD build/cc26x0-cc13x0/sensortag/cc2650/obj/contiki-main.o
LOAD build/cc26x0-cc13x0/sensortag/cc2650/obj/autostart.o
LOAD build/cc26x0-cc13x0/sensortag/cc2650/obj/stimer.o
LOAD build/cc26x0-cc13x0/sensortag/cc2650/obj/log.o
LOAD build/cc26x0-cc13x0/sensortag/cc2650/obj/energest.o
LOAD build/cc26x0-cc13x0/sensortag/cc2650/obj/etimer.o
LOAD build/cc26x0-cc13x0/sensortag/cc2650/obj/node-id.o
LOAD build/cc26x0-cc13x0/sensortag/cc2650/obj/mutex.o
LOAD build/cc26x0-cc13x0/sensortag/cc2650/obj/ctimer.o
LOAD build/cc26x0-cc13x0/sensortag/cc2650/obj/compower.o
LOAD build/cc26x0-cc13x0/sensortag/cc2650/obj/atomic.o
LOAD build/cc26x0-cc13x0/sensortag/cc2650/obj/rtimer.o
LOAD build/cc26x0-cc13x0/sensortag/cc2650/obj/process.o
LOAD build/cc26x0-cc13x0/sensortag/cc2650/obj/timer.o
LOAD build/cc26x0-cc13x0/sensortag/cc2650/obj/stack-check.o
LOAD build/cc26x0-cc13x0/sensortag/cc2650/obj/dbl-list.o
LOAD build/cc26x0-cc13x0/sensortag/cc2650/obj/dbl-circ-list.o
LOAD build/cc26x0-cc13x0/sensortag/cc2650/obj/crc16.o
LOAD build/cc26x0-cc13x0/sensortag/cc2650/obj/ifft.o
LOAD build/cc26x0-cc13x0/sensortag/cc2650/obj/trickle-timer.o
LOAD build/cc26x0-cc13x0/sensortag/cc2650/obj/sensors.o
LOAD build/cc26x0-cc13x0/sensortag/cc2650/obj/ringbufindex.o
LOAD build/cc26x0-cc13x0/sensortag/cc2650/obj/ccm-star.o
LOAD build/cc26x0-cc13x0/sensortag/cc2650/obj/list.o
LOAD build/cc26x0-cc13x0/sensortag/cc2650/obj/circular-list.o
LOAD build/cc26x0-cc13x0/sensortag/cc2650/obj/aes-128.o
LOAD build/cc26x0-cc13x0/sensortag/cc2650/obj/memb.o
LOAD build/cc26x0-cc13x0/sensortag/cc2650/obj/heapmem.o
LOAD build/cc26x0-cc13x0/sensortag/cc2650/obj/hexconv.o
LOAD build/cc26x0-cc13x0/sensortag/cc2650/obj/assert.o
LOAD build/cc26x0-cc13x0/sensortag/cc2650/obj/ringbuf.o
LOAD build/cc26x0-cc13x0/sensortag/cc2650/obj/button-hal.o
LOAD build/cc26x0-cc13x0/sensortag/cc2650/obj/serial-line.o
LOAD build/cc26x0-cc13x0/sensortag/cc2650/obj/spi.o
LOAD build/cc26x0-cc13x0/sensortag/cc2650/obj/leds.o
LOAD build/cc26x0-cc13x0/sensortag/cc2650/obj/nullradio.o
LOAD build/cc26x0-cc13x0/sensortag/cc2650/obj/gpio-hal.o
LOAD build/cc26x0-cc13x0/sensortag/cc2650/obj/queuebuf.o
LOAD build/cc26x0-cc13x0/sensortag/cc2650/obj/nbr-table.o
LOAD build/cc26x0-cc13x0/sensortag/cc2650/obj/packetbuf.o
LOAD build/cc26x0-cc13x0/sensortag/cc2650/obj/netstack.o
LOAD build/cc26x0-cc13x0/sensortag/cc2650/obj/linkaddr.o
LOAD build/cc26x0-cc13x0/sensortag/cc2650/obj/net-debug.o
LOAD build/cc26x0-cc13x0/sensortag/cc2650/obj/link-stats.o
LOAD build/cc26x0-cc13x0/sensortag/cc2650/obj/mac-sequence.o
LOAD build/cc26x0-cc13x0/sensortag/cc2650/obj/mac.o
LOAD build/cc26x0-cc13x0/sensortag/cc2650/obj/frame802154e-ie.o
LOAD build/cc26x0-cc13x0/sensortag/cc2650/obj/framer-802154.o
LOAD build/cc26x0-cc13x0/sensortag/cc2650/obj/nullframer.o
LOAD build/cc26x0-cc13x0/sensortag/cc2650/obj/frame802154.o
LOAD build/cc26x0-cc13x0/sensortag/cc2650/obj/ext-flash.o
LOAD build/cc26x0-cc13x0/sensortag/cc2650/obj/udma.o
LOAD build/cc26x0-cc13x0/sensortag/cc2650/obj/aux_wuc.o
LOAD build/cc26x0-cc13x0/sensortag/cc2650/obj/rom_crypto.o
LOAD build/cc26x0-cc13x0/sensortag/cc2650/obj/setup_rom.o
LOAD build/cc26x0-cc13x0/sensortag/cc2650/obj/vims.o
LOAD build/cc26x0-cc13x0/sensortag/cc2650/obj/setup.o
LOAD build/cc26x0-cc13x0/sensortag/cc2650/obj/pwr_ctrl.o
LOAD build/cc26x0-cc13x0/sensortag/cc2650/obj/ssi.o
LOAD build/cc26x0-cc13x0/sensortag/cc2650/obj/osc.o
LOAD build/cc26x0-cc13x0/sensortag/cc2650/obj/smph.o
LOAD build/cc26x0-cc13x0/sensortag/cc2650/obj/aux_adc.o
LOAD build/cc26x0-cc13x0/sensortag/cc2650/obj/aon_wuc.o
LOAD build/cc26x0-cc13x0/sensortag/cc2650/obj/aux_smph.o
LOAD build/cc26x0-cc13x0/sensortag/cc2650/obj/ioc.o
LOAD build/cc26x0-cc13x0/sensortag/cc2650/obj/crypto.o
LOAD build/cc26x0-cc13x0/sensortag/cc2650/obj/cpu.o
LOAD build/cc26x0-cc13x0/sensortag/cc2650/obj/aon_batmon.o
LOAD build/cc26x0-cc13x0/sensortag/cc2650/obj/systick.o
LOAD build/cc26x0-cc13x0/sensortag/cc2650/obj/aon_ioc.o
LOAD build/cc26x0-cc13x0/sensortag/cc2650/obj/ddi.o
LOAD build/cc26x0-cc13x0/sensortag/cc2650/obj/ccfgread.o
LOAD build/cc26x0-cc13x0/sensortag/cc2650/obj/interrupt.o
LOAD build/cc26x0-cc13x0/sensortag/cc2650/obj/aux_tdc.o
LOAD build/cc26x0-cc13x0/sensortag/cc2650/obj/gpio.o
LOAD build/cc26x0-cc13x0/sensortag/cc2650/obj/adi.o
LOAD build/cc26x0-cc13x0/sensortag/cc2650/obj/flash.o
LOAD build/cc26x0-cc13x0/sensortag/cc2650/obj/aon_rtc.o
LOAD build/cc26x0-cc13x0/sensortag/cc2650/obj/prcm.o
LOAD build/cc26x0-cc13x0/sensortag/cc2650/obj/watchdog.o
LOAD build/cc26x0-cc13x0/sensortag/cc2650/obj/event.o
LOAD build/cc26x0-cc13x0/sensortag/cc2650/obj/aon_event.o
LOAD build/cc26x0-cc13x0/sensortag/cc2650/obj/aux_timer.o
LOAD build/cc26x0-cc13x0/sensortag/cc2650/obj/i2s.o
LOAD build/cc26x0-cc13x0/sensortag/cc2650/obj/sys_ctrl.o
LOAD build/cc26x0-cc13x0/sensortag/cc2650/obj/chipinfo.o
LOAD build/cc26x0-cc13x0/sensortag/cc2650/obj/driverlib_release.o
LOAD build/cc26x0-cc13x0/sensortag/cc2650/obj/i2c.o
LOAD build/cc26x0-cc13x0/sensortag/cc2650/obj/rfc.o
LOAD build/cc26x0-cc13x0/sensortag/cc2650/obj/trng.o
LOAD build/cc26x0-cc13x0/sensortag/cc2650/obj/syscalls.o
LOAD build/cc26x0-cc13x0/sensortag/cc2650/obj/strformat.o
LOAD build/cc26x0-cc13x0/sensortag/cc2650/obj/printf.o
LOAD build/cc26x0-cc13x0/sensortag/cc2650/obj/sprintf.o
LOAD build/cc26x0-cc13x0/sensortag/cc2650/obj/snprintf.o
LOAD build/cc26x0-cc13x0/sensortag/cc2650/obj/puts.o
LOAD build/cc26x0-cc13x0/sensortag/cc2650/obj/putchar.o
LOAD build/cc26x0-cc13x0/sensortag/cc2650/obj/csma-security.o
LOAD build/cc26x0-cc13x0/sensortag/cc2650/obj/anti-replay.o
LOAD build/cc26x0-cc13x0/sensortag/cc2650/obj/csma.o
LOAD build/cc26x0-cc13x0/sensortag/cc2650/obj/csma-output.o
LOAD build/cc26x0-cc13x0/sensortag/cc2650/obj/ccm-star-packetbuf.o
LOAD build/cc26x0-cc13x0/sensortag/cc2650/obj/uipbuf.o
LOAD build/cc26x0-cc13x0/sensortag/cc2650/obj/uip-icmp6.o
LOAD build/cc26x0-cc13x0/sensortag/cc2650/obj/uip-sr.o
LOAD build/cc26x0-cc13x0/sensortag/cc2650/obj/uip-ds6.o
LOAD build/cc26x0-cc13x0/sensortag/cc2650/obj/uip-packetqueue.o
LOAD build/cc26x0-cc13x0/sensortag/cc2650/obj/tcp-socket.o
LOAD build/cc26x0-cc13x0/sensortag/cc2650/obj/uiplib.o
LOAD build/cc26x0-cc13x0/sensortag/cc2650/obj/tcpip.o
LOAD build/cc26x0-cc13x0/sensortag/cc2650/obj/ip64-addr.o
LOAD build/cc26x0-cc13x0/sensortag/cc2650/obj/uip-udp-packet.o
LOAD build/cc26x0-cc13x0/sensortag/cc2650/obj/uip-ds6-route.o
LOAD build/cc26x0-cc13x0/sensortag/cc2650/obj/psock.o
LOAD build/cc26x0-cc13x0/sensortag/cc2650/obj/uip-ds6-nbr.o
LOAD build/cc26x0-cc13x0/sensortag/cc2650/obj/uip6.o
LOAD build/cc26x0-cc13x0/sensortag/cc2650/obj/uip-nameserver.o
LOAD build/cc26x0-cc13x0/sensortag/cc2650/obj/uip-nd6.o
LOAD build/cc26x0-cc13x0/sensortag/cc2650/obj/udp-socket.o
LOAD build/cc26x0-cc13x0/sensortag/cc2650/obj/simple-udp.o
LOAD build/cc26x0-cc13x0/sensortag/cc2650/obj/sicslowpan.o
LOAD build/cc26x0-cc13x0/sensortag/cc2650/obj/rpl-dag.o
LOAD build/cc26x0-cc13x0/sensortag/cc2650/obj/rpl-of0.o
LOAD build/cc26x0-cc13x0/sensortag/cc2650/obj/rpl-neighbor.o
LOAD build/cc26x0-cc13x0/sensortag/cc2650/obj/rpl-timers.o
LOAD build/cc26x0-cc13x0/sensortag/cc2650/obj/rpl-ext-header.o
LOAD build/cc26x0-cc13x0/sensortag/cc2650/obj/rpl.o
LOAD build/cc26x0-cc13x0/sensortag/cc2650/obj/rpl-nbr-policy.o
LOAD build/cc26x0-cc13x0/sensortag/cc2650/obj/rpl-mrhof.o
LOAD build/cc26x0-cc13x0/sensortag/cc2650/obj/rpl-icmp6.o
LOAD build/cc26x0-cc13x0/sensortag/cc2650/obj/rpl-dag-root.o
LOAD hello_world.o
START GROUP
LOAD /mnt/n7fs/ens/tp_ermont/IoT/gcc-arm-none-eabi-10.3-2021.10/bin/../lib/gcc/arm-none-eabi/10.3.1/../../../../arm-none-eabi/lib/thumb/v7-m/nofp/libm.a
END GROUP
START GROUP
LOAD /mnt/n7fs/ens/tp_ermont/IoT/gcc-arm-none-eabi-10.3-2021.10/bin/../lib/gcc/arm-none-eabi/10.3.1/thumb/v7-m/nofp/libgcc.a
LOAD /mnt/n7fs/ens/tp_ermont/IoT/gcc-arm-none-eabi-10.3-2021.10/bin/../lib/gcc/arm-none-eabi/10.3.1/../../../../arm-none-eabi/lib/thumb/v7-m/nofp/libc.a
END GROUP
                0x0000000020005000                _estack = (ORIGIN (SRAM) + LENGTH (SRAM))
                0x0000000000000000                _Min_Heap_Size = 0x0
                0x0000000000000400                _Min_Stack_Size = 0x400

.text           0x0000000000000000    0x1073c
                0x0000000000000000                _text = .
 *(SORT_BY_ALIGNMENT(.vectors))
 .vectors       0x0000000000000000       0xc8 build/cc26x0-cc13x0/sensortag/cc2650/obj/startup_gcc.o
                0x0000000000000000                g_pfnVectors
 *(SORT_BY_ALIGNMENT(.text*))
 .text.value    0x00000000000000c8       0xb0 build/cc26x0-cc13x0/sensortag/cc2650/obj/opt-3001-sensor.o
 .text.value    0x0000000000000178       0x9c build/cc26x0-cc13x0/sensortag/cc2650/obj/hdc-1000-sensor.o
 *fill*         0x0000000000000214        0x4 00000000
 .text.value    0x0000000000000218      0x1dc build/cc26x0-cc13x0/sensortag/cc2650/obj/mpu-9250-sensor.o
 *fill*         0x00000000000003f4        0x4 00000000
 .text.__ieee754_pow
                0x00000000000003f8      0xb08 /mnt/n7fs/ens/tp_ermont/IoT/gcc-arm-none-eabi-10.3-2021.10/bin/../lib/gcc/arm-none-eabi/10.3.1/../../../../arm-none-eabi/lib/thumb/v7-m/nofp/libm.a(lib_a-e_pow.o)
                0x00000000000003f8                __ieee754_pow
 .text.scalbn   0x0000000000000f00       0xfc /mnt/n7fs/ens/tp_ermont/IoT/gcc-arm-none-eabi-10.3-2021.10/bin/../lib/gcc/arm-none-eabi/10.3.1/../../../../arm-none-eabi/lib/thumb/v7-m/nofp/libm.a(lib_a-s_scalbn.o)
                0x0000000000000f00                scalbn
 .text.FaultISR
                0x0000000000000ffc       0x1c build/cc26x0-cc13x0/sensortag/cc2650/obj/fault-handlers.o
                0x0000000000000ffc                FaultISR
 .text.NmiSRHandler
                0x0000000000001018        0x4 build/cc26x0-cc13x0/sensortag/cc2650/obj/startup_gcc.o
                0x0000000000001018                NmiSR
 .text.IntDefaultHandler
                0x000000000000101c        0x4 build/cc26x0-cc13x0/sensortag/cc2650/obj/startup_gcc.o
                0x000000000000101c                SSI0IntHandler
                0x000000000000101c                SWEvent0IntHandler
                0x000000000000101c                uDMAIntHandler
                0x000000000000101c                WatchdogIntHandler
                0x000000000000101c                RFCHardwareIntHandler
                0x000000000000101c                Timer1BIntHandler
                0x000000000000101c                I2SIntHandler
                0x000000000000101c                Timer2BIntHandler
                0x000000000000101c                Timer2AIntHandler
                0x000000000000101c                Timer1AIntHandler
                0x000000000000101c                AONIntHandler
                0x000000000000101c                AUXSWEvent0IntHandler
                0x000000000000101c                AUXADCIntHandler
                0x000000000000101c                PendSVIntHandler
                0x000000000000101c                AUXSWEvent1IntHandler
                0x000000000000101c                SVCallIntHandler
                0x000000000000101c                MPUFaultIntHandler
                0x000000000000101c                SysTickIntHandler
                0x000000000000101c                BusFaultIntHandler
                0x000000000000101c                AONProgIntHandler
                0x000000000000101c                AUXCompAIntHandler
                0x000000000000101c                SSI1IntHandler
                0x000000000000101c                FlashIntHandler
                0x000000000000101c                uDMAErrIntHandler
                0x000000000000101c                UsageFaultIntHandler
                0x000000000000101c                RFCCmdAckIntHandler
                0x000000000000101c                CryptoIntHandler
                0x000000000000101c                Timer0AIntHandler
                0x000000000000101c                I2CIntHandler
                0x000000000000101c                DebugMonIntHandler
                0x000000000000101c                Timer0BIntHandler
                0x000000000000101c                AUXCombEventIntHandler
                0x000000000000101c                Timer3AIntHandler
                0x000000000000101c                DynProgIntHandler
                0x000000000000101c                Timer3BIntHandler
 .text.ResetISR
                0x0000000000001020       0x5c build/cc26x0-cc13x0/sensortag/cc2650/obj/startup_gcc.o
                0x0000000000001020                ResetISR
 .text.fade     0x000000000000107c       0x64 build/cc26x0-cc13x0/sensortag/cc2650/obj/platform.o
 .text.platform_init_stage_one
                0x00000000000010e0       0x78 build/cc26x0-cc13x0/sensortag/cc2650/obj/platform.o
                0x00000000000010e0                platform_init_stage_one
 .text.platform_init_stage_two
                0x0000000000001158       0x2c build/cc26x0-cc13x0/sensortag/cc2650/obj/platform.o
                0x0000000000001158                platform_init_stage_two
 .text.platform_init_stage_three
                0x0000000000001184       0xd8 build/cc26x0-cc13x0/sensortag/cc2650/obj/platform.o
                0x0000000000001184                platform_init_stage_three
 .text.platform_idle
                0x000000000000125c        0x4 build/cc26x0-cc13x0/sensortag/cc2650/obj/platform.o
                0x000000000000125c                platform_idle
 .text.sensor_common_read_reg
                0x0000000000001260       0x20 build/cc26x0-cc13x0/sensortag/cc2650/obj/sensor-common.o
                0x0000000000001260                sensor_common_read_reg
 .text.sensor_common_write_reg
                0x0000000000001280       0x24 build/cc26x0-cc13x0/sensortag/cc2650/obj/sensor-common.o
                0x0000000000001280                sensor_common_write_reg
 .text.sensor_common_set_error_data
                0x00000000000012a4       0x10 build/cc26x0-cc13x0/sensortag/cc2650/obj/sensor-common.o
                0x00000000000012a4                sensor_common_set_error_data
 .text.status   0x00000000000012b4       0x14 build/cc26x0-cc13x0/sensortag/cc2650/obj/bmp-280-sensor.o
 .text.notify_ready
                0x00000000000012c8       0x14 build/cc26x0-cc13x0/sensortag/cc2650/obj/bmp-280-sensor.o
 .text.value    0x00000000000012dc      0x178 build/cc26x0-cc13x0/sensortag/cc2650/obj/bmp-280-sensor.o
 .text.configure
                0x0000000000001454       0xd4 build/cc26x0-cc13x0/sensortag/cc2650/obj/bmp-280-sensor.o
 .text.status   0x0000000000001528       0x14 build/cc26x0-cc13x0/sensortag/cc2650/obj/tmp-007-sensor.o
 .text.notify_ready
                0x000000000000153c       0x14 build/cc26x0-cc13x0/sensortag/cc2650/obj/tmp-007-sensor.o
 .text.value    0x0000000000001550       0xe0 build/cc26x0-cc13x0/sensortag/cc2650/obj/tmp-007-sensor.o
 .text.configure
                0x0000000000001630       0xc4 build/cc26x0-cc13x0/sensortag/cc2650/obj/tmp-007-sensor.o
 .text.status   0x00000000000016f4        0xc build/cc26x0-cc13x0/sensortag/cc2650/obj/opt-3001-sensor.o
 .text.notify_ready
                0x0000000000001700       0x54 build/cc26x0-cc13x0/sensortag/cc2650/obj/opt-3001-sensor.o
 .text.configure
                0x0000000000001754       0xb0 build/cc26x0-cc13x0/sensortag/cc2650/obj/opt-3001-sensor.o
 .text.status   0x0000000000001804       0x14 build/cc26x0-cc13x0/sensortag/cc2650/obj/hdc-1000-sensor.o
 .text.notify_ready
                0x0000000000001818       0x64 build/cc26x0-cc13x0/sensortag/cc2650/obj/hdc-1000-sensor.o
 .text.configure
                0x000000000000187c       0xc8 build/cc26x0-cc13x0/sensortag/cc2650/obj/hdc-1000-sensor.o
 .text.acc_convert
                0x0000000000001944       0x70 build/cc26x0-cc13x0/sensortag/cc2650/obj/mpu-9250-sensor.o
 .text.status   0x00000000000019b4       0x14 build/cc26x0-cc13x0/sensortag/cc2650/obj/mpu-9250-sensor.o
 .text.notify_ready
                0x00000000000019c8       0x14 build/cc26x0-cc13x0/sensortag/cc2650/obj/mpu-9250-sensor.o
 .text.sensor_sleep
                0x00000000000019dc       0x38 build/cc26x0-cc13x0/sensortag/cc2650/obj/mpu-9250-sensor.o
 .text.configure
                0x0000000000001a14       0xe8 build/cc26x0-cc13x0/sensortag/cc2650/obj/mpu-9250-sensor.o
 .text.initialise
                0x0000000000001afc      0x100 build/cc26x0-cc13x0/sensortag/cc2650/obj/mpu-9250-sensor.o
 .text.buzzer_init
                0x0000000000001bfc        0xc build/cc26x0-cc13x0/sensortag/cc2650/obj/buzzer.o
                0x0000000000001bfc                buzzer_init
 .text.buzzer_stop
                0x0000000000001c08       0x7c build/cc26x0-cc13x0/sensortag/cc2650/obj/buzzer.o
                0x0000000000001c08                buzzer_stop
 .text.power_domains_on
                0x0000000000001c84       0x20 build/cc26x0-cc13x0/sensortag/cc2650/obj/board.o
 .text.lpm_wakeup_handler
                0x0000000000001ca4        0x4 build/cc26x0-cc13x0/sensortag/cc2650/obj/board.o
 .text.shutdown_handler
                0x0000000000001ca8       0x6c build/cc26x0-cc13x0/sensortag/cc2650/obj/board.o
 .text.board_init
                0x0000000000001d14      0x134 build/cc26x0-cc13x0/sensortag/cc2650/obj/board.o
                0x0000000000001d14                board_init
 .text.board_i2c_wakeup
                0x0000000000001e48       0x60 build/cc26x0-cc13x0/sensortag/cc2650/obj/board-i2c.o
                0x0000000000001e48                board_i2c_wakeup
 .text.board_i2c_shutdown
                0x0000000000001ea8       0xcc build/cc26x0-cc13x0/sensortag/cc2650/obj/board-i2c.o
                0x0000000000001ea8                board_i2c_shutdown
 .text.board_i2c_write
                0x0000000000001f74      0x1a8 build/cc26x0-cc13x0/sensortag/cc2650/obj/board-i2c.o
                0x0000000000001f74                board_i2c_write
 .text.board_i2c_write_single
                0x000000000000211c       0x94 build/cc26x0-cc13x0/sensortag/cc2650/obj/board-i2c.o
                0x000000000000211c                board_i2c_write_single
 .text.board_i2c_read
                0x00000000000021b0      0x14c build/cc26x0-cc13x0/sensortag/cc2650/obj/board-i2c.o
                0x00000000000021b0                board_i2c_read
 .text.board_i2c_write_read
                0x00000000000022fc      0x220 build/cc26x0-cc13x0/sensortag/cc2650/obj/board-i2c.o
                0x00000000000022fc                board_i2c_write_read
 .text.board_i2c_select
                0x000000000000251c      0x108 build/cc26x0-cc13x0/sensortag/cc2650/obj/board-i2c.o
                0x000000000000251c                board_i2c_select
 .text.power_domain_on
                0x0000000000002624       0x20 build/cc26x0-cc13x0/sensortag/cc2650/obj/clock.o
 .text.clock_init
                0x0000000000002644       0x8c build/cc26x0-cc13x0/sensortag/cc2650/obj/clock.o
                0x0000000000002644                clock_init
 .text.clock_time
                0x00000000000026d0       0x20 build/cc26x0-cc13x0/sensortag/cc2650/obj/clock.o
                0x00000000000026d0                clock_time
 .text.clock_update
                0x00000000000026f0       0x28 build/cc26x0-cc13x0/sensortag/cc2650/obj/clock.o
                0x00000000000026f0                clock_update
 .text.clock_seconds
                0x0000000000002718        0xc build/cc26x0-cc13x0/sensortag/cc2650/obj/clock.o
                0x0000000000002718                clock_seconds
 .text.rtimer_arch_init
                0x0000000000002724        0x4 build/cc26x0-cc13x0/sensortag/cc2650/obj/rtimer-arch.o
                0x0000000000002724                rtimer_arch_init
 .text.rtimer_arch_schedule
                0x0000000000002728        0x8 build/cc26x0-cc13x0/sensortag/cc2650/obj/rtimer-arch.o
                0x0000000000002728                rtimer_arch_schedule
 .text.rtimer_arch_now
                0x0000000000002730        0x4 build/cc26x0-cc13x0/sensortag/cc2650/obj/rtimer-arch.o
                0x0000000000002730                rtimer_arch_now
 .text.soc_rtc_init
                0x0000000000002734       0x90 build/cc26x0-cc13x0/sensortag/cc2650/obj/soc-rtc.o
                0x0000000000002734                soc_rtc_init
 .text.soc_rtc_schedule_one_shot
                0x00000000000027c4       0x68 build/cc26x0-cc13x0/sensortag/cc2650/obj/soc-rtc.o
                0x00000000000027c4                soc_rtc_schedule_one_shot
 .text.soc_rtc_last_isr_time
                0x000000000000282c        0xc build/cc26x0-cc13x0/sensortag/cc2650/obj/soc-rtc.o
                0x000000000000282c                soc_rtc_last_isr_time
 .text.AONRTCIntHandler
                0x0000000000002838       0x78 build/cc26x0-cc13x0/sensortag/cc2650/obj/soc-rtc.o
                0x0000000000002838                AONRTCIntHandler
 .text.watchdog_init
                0x00000000000028b0       0x10 build/cc26x0-cc13x0/sensortag/cc2650/obj/contiki-watchdog.o
                0x00000000000028b0                watchdog_init
 .text.watchdog_start
                0x00000000000028c0       0x58 build/cc26x0-cc13x0/sensortag/cc2650/obj/contiki-watchdog.o
                0x00000000000028c0                watchdog_start
 .text.watchdog_periodic
                0x0000000000002918        0xc build/cc26x0-cc13x0/sensortag/cc2650/obj/contiki-watchdog.o
                0x0000000000002918                watchdog_periodic
 .text.aux_ctrl_register_consumer
                0x0000000000002924       0x60 build/cc26x0-cc13x0/sensortag/cc2650/obj/aux-ctrl.o
                0x0000000000002924                aux_ctrl_register_consumer
 .text.aux_ctrl_power_up
                0x0000000000002984       0x28 build/cc26x0-cc13x0/sensortag/cc2650/obj/aux-ctrl.o
                0x0000000000002984                aux_ctrl_power_up
 .text.aux_ctrl_power_down
                0x00000000000029ac       0x64 build/cc26x0-cc13x0/sensortag/cc2650/obj/aux-ctrl.o
                0x00000000000029ac                aux_ctrl_power_down
 .text.aux_ctrl_unregister_consumer
                0x0000000000002a10       0x28 build/cc26x0-cc13x0/sensortag/cc2650/obj/aux-ctrl.o
                0x0000000000002a10                aux_ctrl_unregister_consumer
 .text.dbg_send_bytes
                0x0000000000002a38       0x30 build/cc26x0-cc13x0/sensortag/cc2650/obj/dbg.o
                0x0000000000002a38                dbg_send_bytes
 .text.ieee_addr_cpy_to
                0x0000000000002a68       0x40 build/cc26x0-cc13x0/sensortag/cc2650/obj/ieee-addr.o
                0x0000000000002a68                ieee_addr_cpy_to
 .text.power_and_clock
                0x0000000000002aa8       0x44 build/cc26x0-cc13x0/sensortag/cc2650/obj/cc26xx-uart.o
 .text.enable   0x0000000000002aec       0xc0 build/cc26x0-cc13x0/sensortag/cc2650/obj/cc26xx-uart.o
 .text.lpm_drop_handler
                0x0000000000002bac      0x114 build/cc26x0-cc13x0/sensortag/cc2650/obj/cc26xx-uart.o
 .text.cc26xx_uart_init
                0x0000000000002cc0       0x28 build/cc26x0-cc13x0/sensortag/cc2650/obj/cc26xx-uart.o
                0x0000000000002cc0                cc26xx_uart_init
 .text.cc26xx_uart_write_byte
                0x0000000000002ce8       0x40 build/cc26x0-cc13x0/sensortag/cc2650/obj/cc26xx-uart.o
                0x0000000000002ce8                cc26xx_uart_write_byte
 .text.cc26xx_uart_busy
                0x0000000000002d28       0x34 build/cc26x0-cc13x0/sensortag/cc2650/obj/cc26xx-uart.o
                0x0000000000002d28                cc26xx_uart_busy
 .text.UART0IntHandler
                0x0000000000002d5c       0x44 build/cc26x0-cc13x0/sensortag/cc2650/obj/cc26xx-uart.o
                0x0000000000002d5c                UART0IntHandler
 .text.lpm_sleep
                0x0000000000002da0       0x18 build/cc26x0-cc13x0/sensortag/cc2650/obj/lpm.o
                0x0000000000002da0                lpm_sleep
 .text.lpm_drop
                0x0000000000002db8      0x25c build/cc26x0-cc13x0/sensortag/cc2650/obj/lpm.o
                0x0000000000002db8                lpm_drop
 .text.lpm_register_module
                0x0000000000003014        0xc build/cc26x0-cc13x0/sensortag/cc2650/obj/lpm.o
                0x0000000000003014                lpm_register_module
 .text.lpm_unregister_module
                0x0000000000003020        0xc build/cc26x0-cc13x0/sensortag/cc2650/obj/lpm.o
                0x0000000000003020                lpm_unregister_module
 .text.lpm_init
                0x000000000000302c       0x20 build/cc26x0-cc13x0/sensortag/cc2650/obj/lpm.o
                0x000000000000302c                lpm_init
 .text.lpm_pin_set_default_state
                0x000000000000304c       0x2c build/cc26x0-cc13x0/sensortag/cc2650/obj/lpm.o
                0x000000000000304c                lpm_pin_set_default_state
 .text.GPIOIntHandler
                0x0000000000003078       0x14 build/cc26x0-cc13x0/sensortag/cc2650/obj/gpio-interrupt.o
                0x0000000000003078                GPIOIntHandler
 .text.gpio_hal_arch_no_port_pin_cfg_set
                0x000000000000308c       0x78 build/cc26x0-cc13x0/sensortag/cc2650/obj/gpio-hal-arch.o
                0x000000000000308c                gpio_hal_arch_no_port_pin_cfg_set
 .text.gpio_hal_arch_no_port_read_pin
                0x0000000000003104       0x24 build/cc26x0-cc13x0/sensortag/cc2650/obj/gpio-hal-arch.o
                0x0000000000003104                gpio_hal_arch_no_port_read_pin
 .text.oscillators_select_lf_xosc
                0x0000000000003128       0x5c build/cc26x0-cc13x0/sensortag/cc2650/obj/oscillators.o
                0x0000000000003128                oscillators_select_lf_xosc
 .text.oscillators_request_hf_xosc
                0x0000000000003184       0x30 build/cc26x0-cc13x0/sensortag/cc2650/obj/oscillators.o
                0x0000000000003184                oscillators_request_hf_xosc
 .text.oscillators_switch_to_hf_xosc
                0x00000000000031b4       0x34 build/cc26x0-cc13x0/sensortag/cc2650/obj/oscillators.o
                0x00000000000031b4                oscillators_switch_to_hf_xosc
 .text.oscillators_switch_to_hf_rc
                0x00000000000031e8       0x44 build/cc26x0-cc13x0/sensortag/cc2650/obj/oscillators.o
                0x00000000000031e8                oscillators_switch_to_hf_rc
 .text.process_thread_rf_core_process
                0x000000000000322c       0x58 build/cc26x0-cc13x0/sensortag/cc2650/obj/rf-core.o
 .text.rf_core_is_accessible
                0x0000000000003284       0x10 build/cc26x0-cc13x0/sensortag/cc2650/obj/rf-core.o
                0x0000000000003284                rf_core_is_accessible
 .text.rf_core_send_cmd
                0x0000000000003294       0xd4 build/cc26x0-cc13x0/sensortag/cc2650/obj/rf-core.o
                0x0000000000003294                rf_core_send_cmd
 .text.rf_core_wait_cmd_done
                0x0000000000003368       0x38 build/cc26x0-cc13x0/sensortag/cc2650/obj/rf-core.o
                0x0000000000003368                rf_core_wait_cmd_done
 .text.rf_core_power_up
                0x00000000000033a0       0xc8 build/cc26x0-cc13x0/sensortag/cc2650/obj/rf-core.o
                0x00000000000033a0                rf_core_power_up
 .text.rf_core_start_rat
                0x0000000000003468       0x84 build/cc26x0-cc13x0/sensortag/cc2650/obj/rf-core.o
                0x0000000000003468                rf_core_start_rat
 .text.rf_core_stop_rat
                0x00000000000034ec       0x98 build/cc26x0-cc13x0/sensortag/cc2650/obj/rf-core.o
                0x00000000000034ec                rf_core_stop_rat
 .text.rf_core_power_down
                0x0000000000003584      0x104 build/cc26x0-cc13x0/sensortag/cc2650/obj/rf-core.o
                0x0000000000003584                rf_core_power_down
 .text.rf_core_set_modesel
                0x0000000000003688       0x4c build/cc26x0-cc13x0/sensortag/cc2650/obj/rf-core.o
                0x0000000000003688                rf_core_set_modesel
 .text.rf_core_boot
                0x00000000000036d4       0x1c build/cc26x0-cc13x0/sensortag/cc2650/obj/rf-core.o
                0x00000000000036d4                rf_core_boot
 .text.rf_core_restart_rat
                0x00000000000036f0       0x18 build/cc26x0-cc13x0/sensortag/cc2650/obj/rf-core.o
                0x00000000000036f0                rf_core_restart_rat
 .text.rf_core_setup_interrupts
                0x0000000000003708       0x7c build/cc26x0-cc13x0/sensortag/cc2650/obj/rf-core.o
                0x0000000000003708                rf_core_setup_interrupts
 .text.rf_core_cmd_done_en
                0x0000000000003784       0x3c build/cc26x0-cc13x0/sensortag/cc2650/obj/rf-core.o
                0x0000000000003784                rf_core_cmd_done_en
 .text.rf_core_cmd_done_dis
                0x00000000000037c0       0x20 build/cc26x0-cc13x0/sensortag/cc2650/obj/rf-core.o
                0x00000000000037c0                rf_core_cmd_done_dis
 .text.rf_core_get_last_radio_op
                0x00000000000037e0        0xc build/cc26x0-cc13x0/sensortag/cc2650/obj/rf-core.o
                0x00000000000037e0                rf_core_get_last_radio_op
 .text.rf_core_init_radio_op
                0x00000000000037ec       0x20 build/cc26x0-cc13x0/sensortag/cc2650/obj/rf-core.o
                0x00000000000037ec                rf_core_init_radio_op
 .text.rf_core_primary_mode_register
                0x000000000000380c        0xc build/cc26x0-cc13x0/sensortag/cc2650/obj/rf-core.o
                0x000000000000380c                rf_core_primary_mode_register
 .text.rf_core_rat_init
                0x0000000000003818       0x2c build/cc26x0-cc13x0/sensortag/cc2650/obj/rf-core.o
                0x0000000000003818                rf_core_rat_init
 .text.rf_core_check_rat_overflow
                0x0000000000003844       0x70 build/cc26x0-cc13x0/sensortag/cc2650/obj/rf-core.o
                0x0000000000003844                rf_core_check_rat_overflow
 .text.rat_overflow_check_timer_cb
                0x00000000000038b4       0x60 build/cc26x0-cc13x0/sensortag/cc2650/obj/rf-core.o
 .text.rf_core_convert_rat_to_rtimer
                0x0000000000003914       0x98 build/cc26x0-cc13x0/sensortag/cc2650/obj/rf-core.o
                0x0000000000003914                rf_core_convert_rat_to_rtimer
 .text.RFCCPE1IntHandler
                0x00000000000039ac       0x54 build/cc26x0-cc13x0/sensortag/cc2650/obj/rf-core.o
                0x00000000000039ac                RFCCPE1IntHandler
 .text.RFCCPE0IntHandler
                0x0000000000003a00       0x54 build/cc26x0-cc13x0/sensortag/cc2650/obj/rf-core.o
                0x0000000000003a00                RFCCPE0IntHandler
 .text.rf_ble_is_active
                0x0000000000003a54        0xc build/cc26x0-cc13x0/sensortag/cc2650/obj/rf-ble.o
                0x0000000000003a54                rf_ble_is_active
 .text.rf_is_on
                0x0000000000003a60       0x1c build/cc26x0-cc13x0/sensortag/cc2650/obj/ieee-mode.o
 .text.prepare  0x0000000000003a7c       0x1c build/cc26x0-cc13x0/sensortag/cc2650/obj/ieee-mode.o
 .text.rf_radio_setup
                0x0000000000003a98       0x60 build/cc26x0-cc13x0/sensortag/cc2650/obj/ieee-mode.o
 .text.pending_packet
                0x0000000000003af8       0x48 build/cc26x0-cc13x0/sensortag/cc2650/obj/ieee-mode.o
 .text.soft_off
                0x0000000000003b40       0x44 build/cc26x0-cc13x0/sensortag/cc2650/obj/ieee-mode.o
 .text.get_object
                0x0000000000003b84       0x44 build/cc26x0-cc13x0/sensortag/cc2650/obj/ieee-mode.o
 .text.transmitting.part.0
                0x0000000000003bc8       0x4c build/cc26x0-cc13x0/sensortag/cc2650/obj/ieee-mode.o
 .text.get_cca_info.part.0
                0x0000000000003c14       0x54 build/cc26x0-cc13x0/sensortag/cc2650/obj/ieee-mode.o
 .text.read_frame
                0x0000000000003c68       0xec build/cc26x0-cc13x0/sensortag/cc2650/obj/ieee-mode.o
 .text.rx_off.part.0
                0x0000000000003d54       0x7c build/cc26x0-cc13x0/sensortag/cc2650/obj/ieee-mode.o
 .text.request  0x0000000000003dd0       0x20 build/cc26x0-cc13x0/sensortag/cc2650/obj/ieee-mode.o
 .text.rx_on    0x0000000000003df0       0x5c build/cc26x0-cc13x0/sensortag/cc2650/obj/ieee-mode.o
 .text.soft_on  0x0000000000003e4c       0x18 build/cc26x0-cc13x0/sensortag/cc2650/obj/ieee-mode.o
 .text.off.part.0
                0x0000000000003e64       0x88 build/cc26x0-cc13x0/sensortag/cc2650/obj/ieee-mode.o
 .text.off      0x0000000000003eec       0x14 build/cc26x0-cc13x0/sensortag/cc2650/obj/ieee-mode.o
 .text.on       0x0000000000003f00       0xa0 build/cc26x0-cc13x0/sensortag/cc2650/obj/ieee-mode.o
 .text.init     0x0000000000003fa0      0x118 build/cc26x0-cc13x0/sensortag/cc2650/obj/ieee-mode.o
 .text.channel_clear
                0x00000000000040b8       0xa4 build/cc26x0-cc13x0/sensortag/cc2650/obj/ieee-mode.o
 .text.transmit.part.0
                0x000000000000415c      0x104 build/cc26x0-cc13x0/sensortag/cc2650/obj/ieee-mode.o
 .text.transmit
                0x0000000000004260        0xc build/cc26x0-cc13x0/sensortag/cc2650/obj/ieee-mode.o
 .text.send     0x000000000000426c       0x24 build/cc26x0-cc13x0/sensortag/cc2650/obj/ieee-mode.o
 .text.receiving_packet
                0x0000000000004290       0x48 build/cc26x0-cc13x0/sensortag/cc2650/obj/ieee-mode.o
 .text.set_object
                0x00000000000042d8       0x70 build/cc26x0-cc13x0/sensortag/cc2650/obj/ieee-mode.o
 .text.set_value
                0x0000000000004348      0x19c build/cc26x0-cc13x0/sensortag/cc2650/obj/ieee-mode.o
 .text.get_value
                0x00000000000044e4      0x1c8 build/cc26x0-cc13x0/sensortag/cc2650/obj/ieee-mode.o
 .text.random_rand
                0x00000000000046ac        0xc build/cc26x0-cc13x0/sensortag/cc2650/obj/random.o
                0x00000000000046ac                random_rand
 .text.random_init
                0x00000000000046b8        0x4 build/cc26x0-cc13x0/sensortag/cc2650/obj/random.o
                0x00000000000046b8                random_init
 .text.power_up
                0x00000000000046bc       0x44 build/cc26x0-cc13x0/sensortag/cc2650/obj/soc-trng.o
 .text.request  0x0000000000004700       0x14 build/cc26x0-cc13x0/sensortag/cc2650/obj/soc-trng.o
 .text.process_thread_soc_trng_process
                0x0000000000004714       0x8c build/cc26x0-cc13x0/sensortag/cc2650/obj/soc-trng.o
 .text.soc_trng_rand_synchronous
                0x00000000000047a0       0xd0 build/cc26x0-cc13x0/sensortag/cc2650/obj/soc-trng.o
                0x00000000000047a0                soc_trng_rand_synchronous
 .text.TRNGIntHandler
                0x0000000000004870       0x54 build/cc26x0-cc13x0/sensortag/cc2650/obj/soc-trng.o
                0x0000000000004870                TRNGIntHandler
 .text.soc_trng_init
                0x00000000000048c4       0x28 build/cc26x0-cc13x0/sensortag/cc2650/obj/soc-trng.o
                0x00000000000048c4                soc_trng_init
 .text.int_master_read_and_disable
                0x00000000000048ec       0x10 build/cc26x0-cc13x0/sensortag/cc2650/obj/int-master.o
                0x00000000000048ec                int_master_read_and_disable
 .text.int_master_status_set
                0x00000000000048fc        0x8 build/cc26x0-cc13x0/sensortag/cc2650/obj/int-master.o
                0x00000000000048fc                int_master_status_set
 .text.spi_arch_has_lock
                0x0000000000004904       0x18 build/cc26x0-cc13x0/sensortag/cc2650/obj/spi-arch.o
                0x0000000000004904                spi_arch_has_lock
 .text.spi_arch_lock_and_open
                0x000000000000491c      0x154 build/cc26x0-cc13x0/sensortag/cc2650/obj/spi-arch.o
                0x000000000000491c                spi_arch_lock_and_open
 .text.spi_arch_close_and_unlock
                0x0000000000004a70       0xac build/cc26x0-cc13x0/sensortag/cc2650/obj/spi-arch.o
                0x0000000000004a70                spi_arch_close_and_unlock
 .text.spi_arch_transfer
                0x0000000000004b1c       0xe0 build/cc26x0-cc13x0/sensortag/cc2650/obj/spi-arch.o
                0x0000000000004b1c                spi_arch_transfer
 .text.startup.main
                0x0000000000004bfc      0x1f4 build/cc26x0-cc13x0/sensortag/cc2650/obj/contiki-main.o
                0x0000000000004bfc                main
 .text.autostart_start
                0x0000000000004df0       0x18 build/cc26x0-cc13x0/sensortag/cc2650/obj/autostart.o
                0x0000000000004df0                autostart_start
 .text.stimer_set
                0x0000000000004e08       0x10 build/cc26x0-cc13x0/sensortag/cc2650/obj/stimer.o
                0x0000000000004e08                stimer_set
 .text.stimer_expired
                0x0000000000004e18       0x20 build/cc26x0-cc13x0/sensortag/cc2650/obj/stimer.o
                0x0000000000004e18                stimer_expired
 .text.log_6addr
                0x0000000000004e38       0x20 build/cc26x0-cc13x0/sensortag/cc2650/obj/log.o
                0x0000000000004e38                log_6addr
 .text.log_lladdr
                0x0000000000004e58       0x60 build/cc26x0-cc13x0/sensortag/cc2650/obj/log.o
                0x0000000000004e58                log_lladdr
 .text.energest_init
                0x0000000000004eb8        0x4 build/cc26x0-cc13x0/sensortag/cc2650/obj/energest.o
                0x0000000000004eb8                energest_init
 .text.update_time.part.0
                0x0000000000004ebc       0x3c build/cc26x0-cc13x0/sensortag/cc2650/obj/etimer.o
 .text.process_thread_etimer_process
                0x0000000000004ef8       0xd4 build/cc26x0-cc13x0/sensortag/cc2650/obj/etimer.o
 .text.add_timer
                0x0000000000004fcc       0x54 build/cc26x0-cc13x0/sensortag/cc2650/obj/etimer.o
 .text.etimer_request_poll
                0x0000000000005020        0xc build/cc26x0-cc13x0/sensortag/cc2650/obj/etimer.o
                0x0000000000005020                etimer_request_poll
 .text.etimer_set
                0x000000000000502c       0x14 build/cc26x0-cc13x0/sensortag/cc2650/obj/etimer.o
                0x000000000000502c                etimer_set
 .text.etimer_reset
                0x0000000000005040       0x14 build/cc26x0-cc13x0/sensortag/cc2650/obj/etimer.o
                0x0000000000005040                etimer_reset
 .text.etimer_expired
                0x0000000000005054        0xc build/cc26x0-cc13x0/sensortag/cc2650/obj/etimer.o
                0x0000000000005054                etimer_expired
 .text.etimer_pending
                0x0000000000005060       0x10 build/cc26x0-cc13x0/sensortag/cc2650/obj/etimer.o
                0x0000000000005060                etimer_pending
 .text.etimer_next_expiration_time
                0x0000000000005070       0x14 build/cc26x0-cc13x0/sensortag/cc2650/obj/etimer.o
                0x0000000000005070                etimer_next_expiration_time
 .text.etimer_stop
                0x0000000000005084       0x54 build/cc26x0-cc13x0/sensortag/cc2650/obj/etimer.o
                0x0000000000005084                etimer_stop
 .text.node_id_init
                0x00000000000050d8       0x18 build/cc26x0-cc13x0/sensortag/cc2650/obj/node-id.o
                0x00000000000050d8                node_id_init
 .text.process_thread_ctimer_process
                0x00000000000050f0       0x94 build/cc26x0-cc13x0/sensortag/cc2650/obj/ctimer.o
 .text.ctimer_init
                0x0000000000005184       0x28 build/cc26x0-cc13x0/sensortag/cc2650/obj/ctimer.o
                0x0000000000005184                ctimer_init
 .text.ctimer_set
                0x00000000000051ac       0x4c build/cc26x0-cc13x0/sensortag/cc2650/obj/ctimer.o
                0x00000000000051ac                ctimer_set
 .text.ctimer_reset
                0x00000000000051f8       0x44 build/cc26x0-cc13x0/sensortag/cc2650/obj/ctimer.o
                0x00000000000051f8                ctimer_reset
 .text.ctimer_stop
                0x000000000000523c       0x34 build/cc26x0-cc13x0/sensortag/cc2650/obj/ctimer.o
                0x000000000000523c                ctimer_stop
 .text.ctimer_expired
                0x0000000000005270       0x3c build/cc26x0-cc13x0/sensortag/cc2650/obj/ctimer.o
                0x0000000000005270                ctimer_expired
 .text.rtimer_init
                0x00000000000052ac        0x4 build/cc26x0-cc13x0/sensortag/cc2650/obj/rtimer.o
                0x00000000000052ac                rtimer_init
 .text.rtimer_run_next
                0x00000000000052b0       0x28 build/cc26x0-cc13x0/sensortag/cc2650/obj/rtimer.o
                0x00000000000052b0                rtimer_run_next
 .text.exit_process
                0x00000000000052d8       0xd8 build/cc26x0-cc13x0/sensortag/cc2650/obj/process.o
 .text.call_process.part.0
                0x00000000000053b0       0x38 build/cc26x0-cc13x0/sensortag/cc2650/obj/process.o
 .text.do_poll  0x00000000000053e8       0x5c build/cc26x0-cc13x0/sensortag/cc2650/obj/process.o
 .text.process_alloc_event
                0x0000000000005444       0x10 build/cc26x0-cc13x0/sensortag/cc2650/obj/process.o
                0x0000000000005444                process_alloc_event
 .text.process_start
                0x0000000000005454       0x64 build/cc26x0-cc13x0/sensortag/cc2650/obj/process.o
                0x0000000000005454                process_start
 .text.process_init
                0x00000000000054b8       0x38 build/cc26x0-cc13x0/sensortag/cc2650/obj/process.o
                0x00000000000054b8                process_init
 .text.process_run
                0x00000000000054f0       0xd8 build/cc26x0-cc13x0/sensortag/cc2650/obj/process.o
                0x00000000000054f0                process_run
 .text.process_nevents
                0x00000000000055c8       0x14 build/cc26x0-cc13x0/sensortag/cc2650/obj/process.o
                0x00000000000055c8                process_nevents
 .text.process_post
                0x00000000000055dc       0x4c build/cc26x0-cc13x0/sensortag/cc2650/obj/process.o
                0x00000000000055dc                process_post
 .text.process_post_synch
                0x0000000000005628       0x18 build/cc26x0-cc13x0/sensortag/cc2650/obj/process.o
                0x0000000000005628                process_post_synch
 .text.process_poll
                0x0000000000005640       0x1c build/cc26x0-cc13x0/sensortag/cc2650/obj/process.o
                0x0000000000005640                process_poll
 .text.timer_set
                0x000000000000565c       0x10 build/cc26x0-cc13x0/sensortag/cc2650/obj/timer.o
                0x000000000000565c                timer_set
 .text.timer_reset
                0x000000000000566c       0x1c build/cc26x0-cc13x0/sensortag/cc2650/obj/timer.o
                0x000000000000566c                timer_reset
 .text.timer_expired
                0x0000000000005688       0x1c build/cc26x0-cc13x0/sensortag/cc2650/obj/timer.o
                0x0000000000005688                timer_expired
 .text.stack_check_init
                0x00000000000056a4       0x28 build/cc26x0-cc13x0/sensortag/cc2650/obj/stack-check.o
                0x00000000000056a4                stack_check_init
 .text.stack_check_get_usage
                0x00000000000056cc       0x54 build/cc26x0-cc13x0/sensortag/cc2650/obj/stack-check.o
                0x00000000000056cc                stack_check_get_usage
 .text.process_thread_stack_check_process
                0x0000000000005720       0xb0 build/cc26x0-cc13x0/sensortag/cc2650/obj/stack-check.o
 .text.process_thread_sensors_process
                0x00000000000057d0       0xf4 build/cc26x0-cc13x0/sensortag/cc2650/obj/sensors.o
 .text.sensors_changed
                0x00000000000058c4       0x40 build/cc26x0-cc13x0/sensortag/cc2650/obj/sensors.o
                0x00000000000058c4                sensors_changed
 .text.list_init
                0x0000000000005904        0x8 build/cc26x0-cc13x0/sensortag/cc2650/obj/list.o
                0x0000000000005904                list_init
 .text.list_head
                0x000000000000590c        0x4 build/cc26x0-cc13x0/sensortag/cc2650/obj/list.o
                0x000000000000590c                list_head
 .text.list_add
                0x0000000000005910       0x5c build/cc26x0-cc13x0/sensortag/cc2650/obj/list.o
                0x0000000000005910                list_add
 .text.list_push
                0x000000000000596c       0x3c build/cc26x0-cc13x0/sensortag/cc2650/obj/list.o
                0x000000000000596c                list_push
 .text.list_remove
                0x00000000000059a8       0x30 build/cc26x0-cc13x0/sensortag/cc2650/obj/list.o
                0x00000000000059a8                list_remove
 .text.list_length
                0x00000000000059d8       0x14 build/cc26x0-cc13x0/sensortag/cc2650/obj/list.o
                0x00000000000059d8                list_length
 .text.list_item_next
                0x00000000000059ec        0x8 build/cc26x0-cc13x0/sensortag/cc2650/obj/list.o
                0x00000000000059ec                list_item_next
 .text.memb_init
                0x00000000000059f4       0x24 build/cc26x0-cc13x0/sensortag/cc2650/obj/memb.o
                0x00000000000059f4                memb_init
 .text.memb_alloc
                0x0000000000005a18       0x38 build/cc26x0-cc13x0/sensortag/cc2650/obj/memb.o
                0x0000000000005a18                memb_alloc
 .text.memb_free
                0x0000000000005a50       0x3c build/cc26x0-cc13x0/sensortag/cc2650/obj/memb.o
                0x0000000000005a50                memb_free
 .text.memb_inmemb
                0x0000000000005a8c       0x1c build/cc26x0-cc13x0/sensortag/cc2650/obj/memb.o
                0x0000000000005a8c                memb_inmemb
 .text.memb_numfree
                0x0000000000005aa8       0x20 build/cc26x0-cc13x0/sensortag/cc2650/obj/memb.o
                0x0000000000005aa8                memb_numfree
 .text.ringbuf_init
                0x0000000000005ac8       0x10 build/cc26x0-cc13x0/sensortag/cc2650/obj/ringbuf.o
                0x0000000000005ac8                ringbuf_init
 .text.ringbuf_get
                0x0000000000005ad8       0x28 build/cc26x0-cc13x0/sensortag/cc2650/obj/ringbuf.o
                0x0000000000005ad8                ringbuf_get
 .text.duration_exceeded_callback
                0x0000000000005b00       0x34 build/cc26x0-cc13x0/sensortag/cc2650/obj/button-hal.o
 .text.process_thread_button_hal_process
                0x0000000000005b34       0x84 build/cc26x0-cc13x0/sensortag/cc2650/obj/button-hal.o
 .text.press_release_handler
                0x0000000000005bb8       0x18 build/cc26x0-cc13x0/sensortag/cc2650/obj/button-hal.o
 .text.debounce_handler
                0x0000000000005bd0       0x74 build/cc26x0-cc13x0/sensortag/cc2650/obj/button-hal.o
 .text.button_hal_init
                0x0000000000005c44       0xb4 build/cc26x0-cc13x0/sensortag/cc2650/obj/button-hal.o
                0x0000000000005c44                button_hal_init
 .text.process_thread_serial_line_process
                0x0000000000005cf8       0xa8 build/cc26x0-cc13x0/sensortag/cc2650/obj/serial-line.o
 .text.serial_line_init
                0x0000000000005da0       0x24 build/cc26x0-cc13x0/sensortag/cc2650/obj/serial-line.o
                0x0000000000005da0                serial_line_init
 .text.spi_acquire
                0x0000000000005dc4       0x10 build/cc26x0-cc13x0/sensortag/cc2650/obj/spi.o
                0x0000000000005dc4                spi_acquire
 .text.spi_release
                0x0000000000005dd4       0x10 build/cc26x0-cc13x0/sensortag/cc2650/obj/spi.o
                0x0000000000005dd4                spi_release
 .text.spi_select
                0x0000000000005de4       0x24 build/cc26x0-cc13x0/sensortag/cc2650/obj/spi.o
                0x0000000000005de4                spi_select
 .text.spi_deselect
                0x0000000000005e08       0x18 build/cc26x0-cc13x0/sensortag/cc2650/obj/spi.o
                0x0000000000005e08                spi_deselect
 .text.spi_write_byte
                0x0000000000005e20       0x3c build/cc26x0-cc13x0/sensortag/cc2650/obj/spi.o
                0x0000000000005e20                spi_write_byte
 .text.spi_write
                0x0000000000005e5c       0x3c build/cc26x0-cc13x0/sensortag/cc2650/obj/spi.o
                0x0000000000005e5c                spi_write
 .text.spi_read
                0x0000000000005e98       0x3c build/cc26x0-cc13x0/sensortag/cc2650/obj/spi.o
                0x0000000000005e98                spi_read
 .text.leds_on  0x0000000000005ed4       0x5c build/cc26x0-cc13x0/sensortag/cc2650/obj/leds.o
                0x0000000000005ed4                leds_on
 .text.leds_off
                0x0000000000005f30       0x5c build/cc26x0-cc13x0/sensortag/cc2650/obj/leds.o
                0x0000000000005f30                leds_off
 .text.leds_init
                0x0000000000005f8c       0x2c build/cc26x0-cc13x0/sensortag/cc2650/obj/leds.o
                0x0000000000005f8c                leds_init
 .text.gpio_hal_register_handler
                0x0000000000005fb8        0xc build/cc26x0-cc13x0/sensortag/cc2650/obj/gpio-hal.o
                0x0000000000005fb8                gpio_hal_register_handler
 .text.gpio_hal_event_handler
                0x0000000000005fc4       0x28 build/cc26x0-cc13x0/sensortag/cc2650/obj/gpio-hal.o
                0x0000000000005fc4                gpio_hal_event_handler
 .text.gpio_hal_init
                0x0000000000005fec        0xc build/cc26x0-cc13x0/sensortag/cc2650/obj/gpio-hal.o
                0x0000000000005fec                gpio_hal_init
 .text.queuebuf_init
                0x0000000000005ff8       0x1c build/cc26x0-cc13x0/sensortag/cc2650/obj/queuebuf.o
                0x0000000000005ff8                queuebuf_init
 .text.queuebuf_numfree
                0x0000000000006014        0xc build/cc26x0-cc13x0/sensortag/cc2650/obj/queuebuf.o
                0x0000000000006014                queuebuf_numfree
 .text.queuebuf_new_from_packetbuf
                0x0000000000006020       0x48 build/cc26x0-cc13x0/sensortag/cc2650/obj/queuebuf.o
                0x0000000000006020                queuebuf_new_from_packetbuf
 .text.queuebuf_update_attr_from_packetbuf
                0x0000000000006068        0xc build/cc26x0-cc13x0/sensortag/cc2650/obj/queuebuf.o
                0x0000000000006068                queuebuf_update_attr_from_packetbuf
 .text.queuebuf_free
                0x0000000000006074       0x2c build/cc26x0-cc13x0/sensortag/cc2650/obj/queuebuf.o
                0x0000000000006074                queuebuf_free
 .text.queuebuf_to_packetbuf
                0x00000000000060a0       0x30 build/cc26x0-cc13x0/sensortag/cc2650/obj/queuebuf.o
                0x00000000000060a0                queuebuf_to_packetbuf
 .text.index_from_lladdr
                0x00000000000060d0       0x54 build/cc26x0-cc13x0/sensortag/cc2650/obj/nbr-table.o
 .text.select_for_removal.constprop.0
                0x0000000000006124       0x70 build/cc26x0-cc13x0/sensortag/cc2650/obj/nbr-table.o
 .text.remove_key
                0x0000000000006194       0xa8 build/cc26x0-cc13x0/sensortag/cc2650/obj/nbr-table.o
 .text.nbr_table_register
                0x000000000000623c       0x44 build/cc26x0-cc13x0/sensortag/cc2650/obj/nbr-table.o
                0x000000000000623c                nbr_table_register
 .text.nbr_table_next
                0x0000000000006280       0x70 build/cc26x0-cc13x0/sensortag/cc2650/obj/nbr-table.o
                0x0000000000006280                nbr_table_next
 .text.nbr_table_head
                0x00000000000062f0       0x58 build/cc26x0-cc13x0/sensortag/cc2650/obj/nbr-table.o
                0x00000000000062f0                nbr_table_head
 .text.nbr_table_add_lladdr
                0x0000000000006348      0x128 build/cc26x0-cc13x0/sensortag/cc2650/obj/nbr-table.o
                0x0000000000006348                nbr_table_add_lladdr
 .text.nbr_table_get_from_lladdr
                0x0000000000006470       0x38 build/cc26x0-cc13x0/sensortag/cc2650/obj/nbr-table.o
                0x0000000000006470                nbr_table_get_from_lladdr
 .text.nbr_table_remove
                0x00000000000064a8       0x60 build/cc26x0-cc13x0/sensortag/cc2650/obj/nbr-table.o
                0x00000000000064a8                nbr_table_remove
 .text.nbr_table_lock
                0x0000000000006508       0x34 build/cc26x0-cc13x0/sensortag/cc2650/obj/nbr-table.o
                0x0000000000006508                nbr_table_lock
 .text.nbr_table_unlock
                0x000000000000653c       0x38 build/cc26x0-cc13x0/sensortag/cc2650/obj/nbr-table.o
                0x000000000000653c                nbr_table_unlock
 .text.nbr_table_get_lladdr
                0x0000000000006574       0x2c build/cc26x0-cc13x0/sensortag/cc2650/obj/nbr-table.o
                0x0000000000006574                nbr_table_get_lladdr
 .text.packetbuf_clear
                0x00000000000065a0       0x4c build/cc26x0-cc13x0/sensortag/cc2650/obj/packetbuf.o
                0x00000000000065a0                packetbuf_clear
 .text.packetbuf_copyfrom
                0x00000000000065ec       0x6c build/cc26x0-cc13x0/sensortag/cc2650/obj/packetbuf.o
                0x00000000000065ec                packetbuf_copyfrom
 .text.packetbuf_copyto
                0x0000000000006658       0x4c build/cc26x0-cc13x0/sensortag/cc2650/obj/packetbuf.o
                0x0000000000006658                packetbuf_copyto
 .text.packetbuf_hdralloc
                0x00000000000066a4       0x64 build/cc26x0-cc13x0/sensortag/cc2650/obj/packetbuf.o
                0x00000000000066a4                packetbuf_hdralloc
 .text.packetbuf_hdrreduce
                0x0000000000006708       0x2c build/cc26x0-cc13x0/sensortag/cc2650/obj/packetbuf.o
                0x0000000000006708                packetbuf_hdrreduce
 .text.packetbuf_set_datalen
                0x0000000000006734        0xc build/cc26x0-cc13x0/sensortag/cc2650/obj/packetbuf.o
                0x0000000000006734                packetbuf_set_datalen
 .text.packetbuf_dataptr
                0x0000000000006740       0x20 build/cc26x0-cc13x0/sensortag/cc2650/obj/packetbuf.o
                0x0000000000006740                packetbuf_dataptr
 .text.packetbuf_hdrptr
                0x0000000000006760        0x8 build/cc26x0-cc13x0/sensortag/cc2650/obj/packetbuf.o
                0x0000000000006760                packetbuf_hdrptr
 .text.packetbuf_datalen
                0x0000000000006768        0xc build/cc26x0-cc13x0/sensortag/cc2650/obj/packetbuf.o
                0x0000000000006768                packetbuf_datalen
 .text.packetbuf_totlen
                0x0000000000006774       0x24 build/cc26x0-cc13x0/sensortag/cc2650/obj/packetbuf.o
                0x0000000000006774                packetbuf_totlen
 .text.packetbuf_attr_copyto
                0x0000000000006798       0x24 build/cc26x0-cc13x0/sensortag/cc2650/obj/packetbuf.o
                0x0000000000006798                packetbuf_attr_copyto
 .text.packetbuf_attr_copyfrom
                0x00000000000067bc       0x24 build/cc26x0-cc13x0/sensortag/cc2650/obj/packetbuf.o
                0x00000000000067bc                packetbuf_attr_copyfrom
 .text.packetbuf_set_attr
                0x00000000000067e0       0x10 build/cc26x0-cc13x0/sensortag/cc2650/obj/packetbuf.o
                0x00000000000067e0                packetbuf_set_attr
 .text.packetbuf_attr
                0x00000000000067f0        0xc build/cc26x0-cc13x0/sensortag/cc2650/obj/packetbuf.o
                0x00000000000067f0                packetbuf_attr
 .text.packetbuf_set_addr
                0x00000000000067fc       0x18 build/cc26x0-cc13x0/sensortag/cc2650/obj/packetbuf.o
                0x00000000000067fc                packetbuf_set_addr
 .text.packetbuf_addr
                0x0000000000006814       0x10 build/cc26x0-cc13x0/sensortag/cc2650/obj/packetbuf.o
                0x0000000000006814                packetbuf_addr
 .text.packetbuf_holds_broadcast
                0x0000000000006824       0x10 build/cc26x0-cc13x0/sensortag/cc2650/obj/packetbuf.o
                0x0000000000006824                packetbuf_holds_broadcast
 .text.netstack_process_ip_callback
                0x0000000000006834       0x40 build/cc26x0-cc13x0/sensortag/cc2650/obj/netstack.o
                0x0000000000006834                netstack_process_ip_callback
 .text.netstack_init
                0x0000000000006874       0x24 build/cc26x0-cc13x0/sensortag/cc2650/obj/netstack.o
                0x0000000000006874                netstack_init
 .text.linkaddr_copy
                0x0000000000006898        0x8 build/cc26x0-cc13x0/sensortag/cc2650/obj/linkaddr.o
                0x0000000000006898                linkaddr_copy
 .text.linkaddr_cmp
                0x00000000000068a0       0x10 build/cc26x0-cc13x0/sensortag/cc2650/obj/linkaddr.o
                0x00000000000068a0                linkaddr_cmp
 .text.periodic
                0x00000000000068b0       0x30 build/cc26x0-cc13x0/sensortag/cc2650/obj/link-stats.o
 .text.link_stats_from_lladdr
                0x00000000000068e0        0xc build/cc26x0-cc13x0/sensortag/cc2650/obj/link-stats.o
                0x00000000000068e0                link_stats_from_lladdr
 .text.link_stats_is_fresh
                0x00000000000068ec       0x28 build/cc26x0-cc13x0/sensortag/cc2650/obj/link-stats.o
                0x00000000000068ec                link_stats_is_fresh
 .text.link_stats_packet_sent
                0x0000000000006914       0xf4 build/cc26x0-cc13x0/sensortag/cc2650/obj/link-stats.o
                0x0000000000006914                link_stats_packet_sent
 .text.link_stats_input_callback
                0x0000000000006a08       0x88 build/cc26x0-cc13x0/sensortag/cc2650/obj/link-stats.o
                0x0000000000006a08                link_stats_input_callback
 .text.link_stats_reset
                0x0000000000006a90       0x2c build/cc26x0-cc13x0/sensortag/cc2650/obj/link-stats.o
                0x0000000000006a90                link_stats_reset
 .text.link_stats_init
                0x0000000000006abc       0x28 build/cc26x0-cc13x0/sensortag/cc2650/obj/link-stats.o
                0x0000000000006abc                link_stats_init
 .text.mac_sequence_is_duplicate
                0x0000000000006ae4       0x4c build/cc26x0-cc13x0/sensortag/cc2650/obj/mac-sequence.o
                0x0000000000006ae4                mac_sequence_is_duplicate
 .text.mac_sequence_register_seqno
                0x0000000000006b30       0x64 build/cc26x0-cc13x0/sensortag/cc2650/obj/mac-sequence.o
                0x0000000000006b30                mac_sequence_register_seqno
 .text.mac_call_sent_callback
                0x0000000000006b94       0x18 build/cc26x0-cc13x0/sensortag/cc2650/obj/mac.o
                0x0000000000006b94                mac_call_sent_callback
 .text.parse    0x0000000000006bac       0xa0 build/cc26x0-cc13x0/sensortag/cc2650/obj/framer-802154.o
 .text.framer_802154_setup_params.part.0
                0x0000000000006c4c       0x90 build/cc26x0-cc13x0/sensortag/cc2650/obj/framer-802154.o
 .text.create_frame
                0x0000000000006cdc       0xe4 build/cc26x0-cc13x0/sensortag/cc2650/obj/framer-802154.o
 .text.create   0x0000000000006dc0        0x8 build/cc26x0-cc13x0/sensortag/cc2650/obj/framer-802154.o
 .text.hdr_length
                0x0000000000006dc8        0x8 build/cc26x0-cc13x0/sensortag/cc2650/obj/framer-802154.o
 .text.frame802154_get_pan_id
                0x0000000000006dd0        0xc build/cc26x0-cc13x0/sensortag/cc2650/obj/frame802154.o
                0x0000000000006dd0                frame802154_get_pan_id
 .text.frame802154_has_panid
                0x0000000000006ddc       0xdc build/cc26x0-cc13x0/sensortag/cc2650/obj/frame802154.o
                0x0000000000006ddc                frame802154_has_panid
 .text.field_len
                0x0000000000006eb8       0x8c build/cc26x0-cc13x0/sensortag/cc2650/obj/frame802154.o
 .text.frame802154_is_broadcast_addr
                0x0000000000006f44       0x24 build/cc26x0-cc13x0/sensortag/cc2650/obj/frame802154.o
                0x0000000000006f44                frame802154_is_broadcast_addr
 .text.frame802154_hdrlen
                0x0000000000006f68       0x34 build/cc26x0-cc13x0/sensortag/cc2650/obj/frame802154.o
                0x0000000000006f68                frame802154_hdrlen
 .text.frame802154_create_fcf
                0x0000000000006f9c       0x6c build/cc26x0-cc13x0/sensortag/cc2650/obj/frame802154.o
                0x0000000000006f9c                frame802154_create_fcf
 .text.frame802154_create
                0x0000000000007008       0xb0 build/cc26x0-cc13x0/sensortag/cc2650/obj/frame802154.o
                0x0000000000007008                frame802154_create
 .text.frame802154_parse_fcf
                0x00000000000070b8       0x6c build/cc26x0-cc13x0/sensortag/cc2650/obj/frame802154.o
                0x00000000000070b8                frame802154_parse_fcf
 .text.frame802154_parse
                0x0000000000007124      0x134 build/cc26x0-cc13x0/sensortag/cc2650/obj/frame802154.o
                0x0000000000007124                frame802154_parse
 .text.verify_part
                0x0000000000007258       0x70 build/cc26x0-cc13x0/sensortag/cc2650/obj/ext-flash.o
 .text.wait_ready
                0x00000000000072c8       0x64 build/cc26x0-cc13x0/sensortag/cc2650/obj/ext-flash.o
 .text.ext_flash_open
                0x000000000000732c       0x74 build/cc26x0-cc13x0/sensortag/cc2650/obj/ext-flash.o
                0x000000000000732c                ext_flash_open
 .text.ext_flash_close
                0x00000000000073a0       0x64 build/cc26x0-cc13x0/sensortag/cc2650/obj/ext-flash.o
                0x00000000000073a0                ext_flash_close
 .text.ext_flash_init
                0x0000000000007404       0x18 build/cc26x0-cc13x0/sensortag/cc2650/obj/ext-flash.o
                0x0000000000007404                ext_flash_init
 .text.NOROM_SetupAfterColdResetWakeupFromShutDownCfg1
                0x000000000000741c       0x74 build/cc26x0-cc13x0/sensortag/cc2650/obj/setup_rom.o
                0x000000000000741c                NOROM_SetupAfterColdResetWakeupFromShutDownCfg1
 .text.NOROM_SetupAfterColdResetWakeupFromShutDownCfg3
                0x0000000000007490      0x194 build/cc26x0-cc13x0/sensortag/cc2650/obj/setup_rom.o
                0x0000000000007490                NOROM_SetupAfterColdResetWakeupFromShutDownCfg3
 .text.NOROM_SetupGetTrimForAnabypassValue1
                0x0000000000007624       0x64 build/cc26x0-cc13x0/sensortag/cc2650/obj/setup_rom.o
                0x0000000000007624                NOROM_SetupGetTrimForAnabypassValue1
 .text.NOROM_SetupGetTrimForAmpcompCtrl
                0x0000000000007688       0x58 build/cc26x0-cc13x0/sensortag/cc2650/obj/setup_rom.o
                0x0000000000007688                NOROM_SetupGetTrimForAmpcompCtrl
 .text.NOROM_SetupAfterColdResetWakeupFromShutDownCfg2
                0x00000000000076e0      0x18c build/cc26x0-cc13x0/sensortag/cc2650/obj/setup_rom.o
                0x00000000000076e0                NOROM_SetupAfterColdResetWakeupFromShutDownCfg2
 .text.NOROM_SetupSetCacheModeAccordingToCcfgSetting
                0x000000000000786c       0x5c build/cc26x0-cc13x0/sensortag/cc2650/obj/setup_rom.o
                0x000000000000786c                NOROM_SetupSetCacheModeAccordingToCcfgSetting
 .text.TrimAfterColdResetWakeupFromShutDown
                0x00000000000078c8       0xe8 build/cc26x0-cc13x0/sensortag/cc2650/obj/setup.o
 .text.NOROM_SetupTrimDevice
                0x00000000000079b0       0xac build/cc26x0-cc13x0/sensortag/cc2650/obj/setup.o
                0x00000000000079b0                NOROM_SetupTrimDevice
 .text.NOROM_PowerCtrlSourceSet
                0x0000000000007a5c       0x30 build/cc26x0-cc13x0/sensortag/cc2650/obj/pwr_ctrl.o
                0x0000000000007a5c                NOROM_PowerCtrlSourceSet
 .text.NOROM_OSCClockSourceSet
                0x0000000000007a8c       0x58 build/cc26x0-cc13x0/sensortag/cc2650/obj/osc.o
                0x0000000000007a8c                NOROM_OSCClockSourceSet
 .text.NOROM_OSCClockSourceGet
                0x0000000000007ae4       0x20 build/cc26x0-cc13x0/sensortag/cc2650/obj/osc.o
                0x0000000000007ae4                NOROM_OSCClockSourceGet
 .text.NOROM_CPUcpsid
                0x0000000000007b04        0x8 build/cc26x0-cc13x0/sensortag/cc2650/obj/cpu.o
                0x0000000000007b04                NOROM_CPUcpsid
 .text.NOROM_CPUcpsie
                0x0000000000007b0c        0x8 build/cc26x0-cc13x0/sensortag/cc2650/obj/cpu.o
                0x0000000000007b0c                NOROM_CPUcpsie
 .text.NOROM_CPUdelay
                0x0000000000007b14        0x8 build/cc26x0-cc13x0/sensortag/cc2650/obj/cpu.o
                0x0000000000007b14                NOROM_CPUdelay
 .text.NOROM_AONBatMonTemperatureGetDegC
                0x0000000000007b1c       0x2c build/cc26x0-cc13x0/sensortag/cc2650/obj/aon_batmon.o
                0x0000000000007b1c                NOROM_AONBatMonTemperatureGetDegC
 .text.NOROM_DDI32RegWrite
                0x0000000000007b48       0x2c build/cc26x0-cc13x0/sensortag/cc2650/obj/ddi.o
                0x0000000000007b48                NOROM_DDI32RegWrite
 .text.NOROM_DDI16BitfieldWrite
                0x0000000000007b74       0x48 build/cc26x0-cc13x0/sensortag/cc2650/obj/ddi.o
                0x0000000000007b74                NOROM_DDI16BitfieldWrite
 .text.NOROM_DDI16BitfieldRead
                0x0000000000007bbc       0x48 build/cc26x0-cc13x0/sensortag/cc2650/obj/ddi.o
                0x0000000000007bbc                NOROM_DDI16BitfieldRead
 .text.SafeHapiVoid
                0x0000000000007c04       0x28 build/cc26x0-cc13x0/sensortag/cc2650/obj/adi.o
                0x0000000000007c04                SafeHapiVoid
 .text.NOROM_AONRTCCurrentCompareValueGet
                0x0000000000007c2c       0x18 build/cc26x0-cc13x0/sensortag/cc2650/obj/aon_rtc.o
                0x0000000000007c2c                NOROM_AONRTCCurrentCompareValueGet
 .text.NOROM_AONRTCCurrent64BitValueGet
                0x0000000000007c44       0x14 build/cc26x0-cc13x0/sensortag/cc2650/obj/aon_rtc.o
                0x0000000000007c44                NOROM_AONRTCCurrent64BitValueGet
 .text.NOROM_SysCtrlSetRechargeBeforePowerDown
                0x0000000000007c58      0x240 build/cc26x0-cc13x0/sensortag/cc2650/obj/sys_ctrl.o
                0x0000000000007c58                NOROM_SysCtrlSetRechargeBeforePowerDown
 .text.NOROM_SysCtrlAdjustRechargeAfterPowerDown
                0x0000000000007e98       0x64 build/cc26x0-cc13x0/sensortag/cc2650/obj/sys_ctrl.o
                0x0000000000007e98                NOROM_SysCtrlAdjustRechargeAfterPowerDown
 .text.NOROM_SysCtrl_DCDC_VoltageConditionalControl
                0x0000000000007efc       0x78 build/cc26x0-cc13x0/sensortag/cc2650/obj/sys_ctrl.o
                0x0000000000007efc                NOROM_SysCtrl_DCDC_VoltageConditionalControl
 .text.NOROM_ChipInfo_GetChipType
                0x0000000000007f74       0x94 build/cc26x0-cc13x0/sensortag/cc2650/obj/chipinfo.o
                0x0000000000007f74                NOROM_ChipInfo_GetChipType
 .text.NOROM_ChipInfo_GetHwRevision
                0x0000000000008008       0xa8 build/cc26x0-cc13x0/sensortag/cc2650/obj/chipinfo.o
                0x0000000000008008                NOROM_ChipInfo_GetHwRevision
 .text.NOROM_ThisCodeIsBuiltForCC26xxHwRev22AndLater_HaltIfViolated
                0x00000000000080b0       0x30 build/cc26x0-cc13x0/sensortag/cc2650/obj/chipinfo.o
                0x00000000000080b0                NOROM_ThisCodeIsBuiltForCC26xxHwRev22AndLater_HaltIfViolated
 .text.NOROM_TRNGConfigure
                0x00000000000080e0       0x38 build/cc26x0-cc13x0/sensortag/cc2650/obj/trng.o
                0x00000000000080e0                NOROM_TRNGConfigure
 .text.fill_space
                0x0000000000008118       0x3c build/cc26x0-cc13x0/sensortag/cc2650/obj/strformat.o
 .text.format_str_v
                0x0000000000008154      0x910 build/cc26x0-cc13x0/sensortag/cc2650/obj/strformat.o
                0x0000000000008154                format_str_v
 .text.write_str
                0x0000000000008a64       0x14 build/cc26x0-cc13x0/sensortag/cc2650/obj/printf.o
 .text.printf   0x0000000000008a78       0x24 build/cc26x0-cc13x0/sensortag/cc2650/obj/printf.o
                0x0000000000008a78                printf
 .text.buffer_str
                0x0000000000008a9c       0x28 build/cc26x0-cc13x0/sensortag/cc2650/obj/snprintf.o
 .text.snprintf
                0x0000000000008ac4       0x38 build/cc26x0-cc13x0/sensortag/cc2650/obj/snprintf.o
                0x0000000000008ac4                snprintf
 .text.csma_security_create_frame
                0x0000000000008afc       0x18 build/cc26x0-cc13x0/sensortag/cc2650/obj/csma-security.o
                0x0000000000008afc                csma_security_create_frame
 .text.csma_security_parse_frame
                0x0000000000008b14        0xc build/cc26x0-cc13x0/sensortag/cc2650/obj/csma-security.o
                0x0000000000008b14                csma_security_parse_frame
 .text.on       0x0000000000008b20        0xc build/cc26x0-cc13x0/sensortag/cc2650/obj/csma.o
 .text.off      0x0000000000008b2c        0xc build/cc26x0-cc13x0/sensortag/cc2650/obj/csma.o
 .text.max_payload
                0x0000000000008b38       0x40 build/cc26x0-cc13x0/sensortag/cc2650/obj/csma.o
 .text.send_packet
                0x0000000000008b78        0x4 build/cc26x0-cc13x0/sensortag/cc2650/obj/csma.o
 .text.input_packet
                0x0000000000008b7c       0x64 build/cc26x0-cc13x0/sensortag/cc2650/obj/csma.o
 .text.init     0x0000000000008be0       0x20 build/cc26x0-cc13x0/sensortag/cc2650/obj/csma.o
 .text.tx_done  0x0000000000008c00       0xb4 build/cc26x0-cc13x0/sensortag/cc2650/obj/csma-output.o
 .text.transmit_from_queue
                0x0000000000008cb4      0x214 build/cc26x0-cc13x0/sensortag/cc2650/obj/csma-output.o
 .text.csma_output_packet
                0x0000000000008ec8      0x184 build/cc26x0-cc13x0/sensortag/cc2650/obj/csma-output.o
                0x0000000000008ec8                csma_output_packet
 .text.csma_output_init
                0x000000000000904c       0x24 build/cc26x0-cc13x0/sensortag/cc2650/obj/csma-output.o
                0x000000000000904c                csma_output_init
 .text.uipbuf_clear
                0x0000000000009070       0x30 build/cc26x0-cc13x0/sensortag/cc2650/obj/uipbuf.o
                0x0000000000009070                uipbuf_clear
 .text.uipbuf_add_ext_hdr
                0x00000000000090a0       0x38 build/cc26x0-cc13x0/sensortag/cc2650/obj/uipbuf.o
                0x00000000000090a0                uipbuf_add_ext_hdr
 .text.uipbuf_set_len
                0x00000000000090d8       0x18 build/cc26x0-cc13x0/sensortag/cc2650/obj/uipbuf.o
                0x00000000000090d8                uipbuf_set_len
 .text.uipbuf_set_len_field
                0x00000000000090f0        0x8 build/cc26x0-cc13x0/sensortag/cc2650/obj/uipbuf.o
                0x00000000000090f0                uipbuf_set_len_field
 .text.uipbuf_get_len_field
                0x00000000000090f8        0xc build/cc26x0-cc13x0/sensortag/cc2650/obj/uipbuf.o
                0x00000000000090f8                uipbuf_get_len_field
 .text.uipbuf_get_next_header
                0x0000000000009104       0x6c build/cc26x0-cc13x0/sensortag/cc2650/obj/uipbuf.o
                0x0000000000009104                uipbuf_get_next_header
 .text.uipbuf_get_last_header
                0x0000000000009170       0x70 build/cc26x0-cc13x0/sensortag/cc2650/obj/uipbuf.o
                0x0000000000009170                uipbuf_get_last_header
 .text.uipbuf_search_header
                0x00000000000091e0       0x88 build/cc26x0-cc13x0/sensortag/cc2650/obj/uipbuf.o
                0x00000000000091e0                uipbuf_search_header
 .text.uipbuf_get_attr
                0x0000000000009268       0x14 build/cc26x0-cc13x0/sensortag/cc2650/obj/uipbuf.o
                0x0000000000009268                uipbuf_get_attr
 .text.uipbuf_set_attr
                0x000000000000927c       0x18 build/cc26x0-cc13x0/sensortag/cc2650/obj/uipbuf.o
                0x000000000000927c                uipbuf_set_attr
 .text.uipbuf_init
                0x0000000000009294       0x20 build/cc26x0-cc13x0/sensortag/cc2650/obj/uipbuf.o
                0x0000000000009294                uipbuf_init
 .text.echo_reply_input
                0x00000000000092b4       0x70 build/cc26x0-cc13x0/sensortag/cc2650/obj/uip-icmp6.o
 .text.echo_request_input
                0x0000000000009324       0x84 build/cc26x0-cc13x0/sensortag/cc2650/obj/uip-icmp6.o
 .text.uip_icmp6_input
                0x00000000000093a8       0x3c build/cc26x0-cc13x0/sensortag/cc2650/obj/uip-icmp6.o
                0x00000000000093a8                uip_icmp6_input
 .text.uip_icmp6_register_input_handler
                0x00000000000093e4        0xc build/cc26x0-cc13x0/sensortag/cc2650/obj/uip-icmp6.o
                0x00000000000093e4                uip_icmp6_register_input_handler
 .text.uip_icmp6_error_output
                0x00000000000093f0      0x148 build/cc26x0-cc13x0/sensortag/cc2650/obj/uip-icmp6.o
                0x00000000000093f0                uip_icmp6_error_output
 .text.uip_icmp6_send
                0x0000000000009538       0x80 build/cc26x0-cc13x0/sensortag/cc2650/obj/uip-icmp6.o
                0x0000000000009538                uip_icmp6_send
 .text.uip_icmp6_init
                0x00000000000095b8       0x24 build/cc26x0-cc13x0/sensortag/cc2650/obj/uip-icmp6.o
                0x00000000000095b8                uip_icmp6_init
 .text.uip_sr_get_node
                0x00000000000095dc       0x54 build/cc26x0-cc13x0/sensortag/cc2650/obj/uip-sr.o
                0x00000000000095dc                uip_sr_get_node
 .text.uip_sr_is_addr_reachable
                0x0000000000009630       0x4c build/cc26x0-cc13x0/sensortag/cc2650/obj/uip-sr.o
                0x0000000000009630                uip_sr_is_addr_reachable
 .text.uip_sr_expire_parent
                0x000000000000967c       0x44 build/cc26x0-cc13x0/sensortag/cc2650/obj/uip-sr.o
                0x000000000000967c                uip_sr_expire_parent
 .text.uip_sr_update_node
                0x00000000000096c0       0xa8 build/cc26x0-cc13x0/sensortag/cc2650/obj/uip-sr.o
                0x00000000000096c0                uip_sr_update_node
 .text.uip_sr_init
                0x0000000000009768       0x24 build/cc26x0-cc13x0/sensortag/cc2650/obj/uip-sr.o
                0x0000000000009768                uip_sr_init
 .text.uip_sr_periodic
                0x000000000000978c       0x7c build/cc26x0-cc13x0/sensortag/cc2650/obj/uip-sr.o
                0x000000000000978c                uip_sr_periodic
 .text.uip_sr_free_all
                0x0000000000009808       0x4c build/cc26x0-cc13x0/sensortag/cc2650/obj/uip-sr.o
                0x0000000000009808                uip_sr_free_all
 .text.uip_ds6_addr_rm.part.0
                0x0000000000009854       0x88 build/cc26x0-cc13x0/sensortag/cc2650/obj/uip-ds6.o
 .text.uip_ds6_default_prefix
                0x00000000000098dc        0x8 build/cc26x0-cc13x0/sensortag/cc2650/obj/uip-ds6.o
                0x00000000000098dc                uip_ds6_default_prefix
 .text.uip_ds6_periodic
                0x00000000000098e4       0x58 build/cc26x0-cc13x0/sensortag/cc2650/obj/uip-ds6.o
                0x00000000000098e4                uip_ds6_periodic
 .text.uip_ds6_prefix_add
                0x000000000000993c       0xb0 build/cc26x0-cc13x0/sensortag/cc2650/obj/uip-ds6.o
                0x000000000000993c                uip_ds6_prefix_add
 .text.uip_ds6_is_addr_onlink
                0x00000000000099ec       0x44 build/cc26x0-cc13x0/sensortag/cc2650/obj/uip-ds6.o
                0x00000000000099ec                uip_ds6_is_addr_onlink
 .text.uip_ds6_addr_rm
                0x0000000000009a30        0x8 build/cc26x0-cc13x0/sensortag/cc2650/obj/uip-ds6.o
                0x0000000000009a30                uip_ds6_addr_rm
 .text.uip_ds6_addr_lookup
                0x0000000000009a38       0x50 build/cc26x0-cc13x0/sensortag/cc2650/obj/uip-ds6.o
                0x0000000000009a38                uip_ds6_addr_lookup
 .text.uip_ds6_get_link_local
                0x0000000000009a88       0x54 build/cc26x0-cc13x0/sensortag/cc2650/obj/uip-ds6.o
                0x0000000000009a88                uip_ds6_get_link_local
 .text.uip_ds6_maddr_add
                0x0000000000009adc       0x80 build/cc26x0-cc13x0/sensortag/cc2650/obj/uip-ds6.o
                0x0000000000009adc                uip_ds6_maddr_add
 .text.uip_ds6_addr_add
                0x0000000000009b5c       0xd4 build/cc26x0-cc13x0/sensortag/cc2650/obj/uip-ds6.o
                0x0000000000009b5c                uip_ds6_addr_add
 .text.uip_ds6_init
                0x0000000000009c30      0x13c build/cc26x0-cc13x0/sensortag/cc2650/obj/uip-ds6.o
                0x0000000000009c30                uip_ds6_init
 .text.uip_ds6_maddr_lookup
                0x0000000000009d6c       0x50 build/cc26x0-cc13x0/sensortag/cc2650/obj/uip-ds6.o
                0x0000000000009d6c                uip_ds6_maddr_lookup
 .text.uip_ds6_select_src
                0x0000000000009dbc      0x118 build/cc26x0-cc13x0/sensortag/cc2650/obj/uip-ds6.o
                0x0000000000009dbc                uip_ds6_select_src
 .text.uip_ds6_set_addr_iid
                0x0000000000009ed4       0x18 build/cc26x0-cc13x0/sensortag/cc2650/obj/uip-ds6.o
                0x0000000000009ed4                uip_ds6_set_addr_iid
 .text.uip_ds6_set_lladdr_from_iid
                0x0000000000009eec       0x18 build/cc26x0-cc13x0/sensortag/cc2650/obj/uip-ds6.o
                0x0000000000009eec                uip_ds6_set_lladdr_from_iid
 .text.uiplib_ipaddr_snprint.part.0
                0x0000000000009f04       0xfc build/cc26x0-cc13x0/sensortag/cc2650/obj/uiplib.o
 .text.uiplib_ipaddr_snprint
                0x000000000000a000       0x1c build/cc26x0-cc13x0/sensortag/cc2650/obj/uiplib.o
                0x000000000000a000                uiplib_ipaddr_snprint
 .text.tcpip_input
                0x000000000000a01c       0x2c build/cc26x0-cc13x0/sensortag/cc2650/obj/tcpip.o
                0x000000000000a01c                tcpip_input
 .text.tcpip_ipv6_output
                0x000000000000a048      0x120 build/cc26x0-cc13x0/sensortag/cc2650/obj/tcpip.o
                0x000000000000a048                tcpip_ipv6_output
 .text.process_thread_tcpip_process
                0x000000000000a168       0xe8 build/cc26x0-cc13x0/sensortag/cc2650/obj/tcpip.o
 .text.tcpip_uipcall
                0x000000000000a250       0x2c build/cc26x0-cc13x0/sensortag/cc2650/obj/tcpip.o
                0x000000000000a250                tcpip_uipcall
 .text.uip_ds6_route_init
                0x000000000000a27c       0x1c build/cc26x0-cc13x0/sensortag/cc2650/obj/uip-ds6-route.o
                0x000000000000a27c                uip_ds6_route_init
 .text.uip_ds6_route_nexthop
                0x000000000000a298        0x4 build/cc26x0-cc13x0/sensortag/cc2650/obj/uip-ds6-route.o
                0x000000000000a298                uip_ds6_route_nexthop
 .text.uip_ds6_route_lookup
                0x000000000000a29c        0x4 build/cc26x0-cc13x0/sensortag/cc2650/obj/uip-ds6-route.o
                0x000000000000a29c                uip_ds6_route_lookup
 .text.uip_ds6_route_rm
                0x000000000000a2a0        0x4 build/cc26x0-cc13x0/sensortag/cc2650/obj/uip-ds6-route.o
                0x000000000000a2a0                uip_ds6_route_rm
 .text.uip_ds6_defrt_rm
                0x000000000000a2a4       0x3c build/cc26x0-cc13x0/sensortag/cc2650/obj/uip-ds6-route.o
                0x000000000000a2a4                uip_ds6_defrt_rm
 .text.uip_ds6_defrt_lookup
                0x000000000000a2e0       0x38 build/cc26x0-cc13x0/sensortag/cc2650/obj/uip-ds6-route.o
                0x000000000000a2e0                uip_ds6_defrt_lookup
 .text.uip_ds6_defrt_add
                0x000000000000a318       0x60 build/cc26x0-cc13x0/sensortag/cc2650/obj/uip-ds6-route.o
                0x000000000000a318                uip_ds6_defrt_add
 .text.uip_ds6_defrt_choose
                0x000000000000a378       0x34 build/cc26x0-cc13x0/sensortag/cc2650/obj/uip-ds6-route.o
                0x000000000000a378                uip_ds6_defrt_choose
 .text.uip_ds6_defrt_periodic
                0x000000000000a3ac       0x44 build/cc26x0-cc13x0/sensortag/cc2650/obj/uip-ds6-route.o
                0x000000000000a3ac                uip_ds6_defrt_periodic
 .text.uip_ds6_nbr_rm
                0x000000000000a3f0       0x24 build/cc26x0-cc13x0/sensortag/cc2650/obj/uip-ds6-nbr.o
                0x000000000000a3f0                uip_ds6_nbr_rm
 .text.uip_ds6_neighbors_init
                0x000000000000a414       0x1c build/cc26x0-cc13x0/sensortag/cc2650/obj/uip-ds6-nbr.o
                0x000000000000a414                uip_ds6_neighbors_init
 .text.uip_ds6_nbr_add
                0x000000000000a430       0x40 build/cc26x0-cc13x0/sensortag/cc2650/obj/uip-ds6-nbr.o
                0x000000000000a430                uip_ds6_nbr_add
 .text.uip_ds6_nbr_update_ll
                0x000000000000a470       0x78 build/cc26x0-cc13x0/sensortag/cc2650/obj/uip-ds6-nbr.o
                0x000000000000a470                uip_ds6_nbr_update_ll
 .text.uip_ds6_nbr_get_ll
                0x000000000000a4e8        0xc build/cc26x0-cc13x0/sensortag/cc2650/obj/uip-ds6-nbr.o
                0x000000000000a4e8                uip_ds6_nbr_get_ll
 .text.uip_ds6_nbr_lookup
                0x000000000000a4f4       0x3c build/cc26x0-cc13x0/sensortag/cc2650/obj/uip-ds6-nbr.o
                0x000000000000a4f4                uip_ds6_nbr_lookup
 .text.uip_ds6_nbr_ipaddr_from_lladdr
                0x000000000000a530        0xc build/cc26x0-cc13x0/sensortag/cc2650/obj/uip-ds6-nbr.o
                0x000000000000a530                uip_ds6_nbr_ipaddr_from_lladdr
 .text.uip_ds6_nbr_lladdr_from_ipaddr
                0x000000000000a53c       0x1c build/cc26x0-cc13x0/sensortag/cc2650/obj/uip-ds6-nbr.o
                0x000000000000a53c                uip_ds6_nbr_lladdr_from_ipaddr
 .text.uip_ds6_link_callback
                0x000000000000a558        0x4 build/cc26x0-cc13x0/sensortag/cc2650/obj/uip-ds6-nbr.o
                0x000000000000a558                uip_ds6_link_callback
 .text.chksum   0x000000000000a55c       0x64 build/cc26x0-cc13x0/sensortag/cc2650/obj/uip6.o
 .text.ext_hdr_options_process
                0x000000000000a5c0       0x98 build/cc26x0-cc13x0/sensortag/cc2650/obj/uip6.o
 .text.uip_update_ttl.isra.0
                0x000000000000a658       0x1c build/cc26x0-cc13x0/sensortag/cc2650/obj/uip6.o
 .text.upper_layer_chksum
                0x000000000000a674       0x78 build/cc26x0-cc13x0/sensortag/cc2650/obj/uip6.o
 .text.uip_icmp6chksum
                0x000000000000a6ec        0x8 build/cc26x0-cc13x0/sensortag/cc2650/obj/uip6.o
                0x000000000000a6ec                uip_icmp6chksum
 .text.uip_init
                0x000000000000a6f4       0x44 build/cc26x0-cc13x0/sensortag/cc2650/obj/uip6.o
                0x000000000000a6f4                uip_init
 .text.uip_remove_ext_hdr
                0x000000000000a738       0x6c build/cc26x0-cc13x0/sensortag/cc2650/obj/uip6.o
                0x000000000000a738                uip_remove_ext_hdr
 .text.uip_process
                0x000000000000a7a4      0x49c build/cc26x0-cc13x0/sensortag/cc2650/obj/uip6.o
                0x000000000000a7a4                uip_process
 .text.uip_htonl
                0x000000000000ac40        0x4 build/cc26x0-cc13x0/sensortag/cc2650/obj/uip6.o
                0x000000000000ac40                uip_htonl
 .text.ns_input
                0x000000000000ac44      0x298 build/cc26x0-cc13x0/sensortag/cc2650/obj/uip-nd6.o
 .text.uip_nd6_init
                0x000000000000aedc        0xc build/cc26x0-cc13x0/sensortag/cc2650/obj/uip-nd6.o
                0x000000000000aedc                uip_nd6_init
 .text.sicslowpan_init
                0x000000000000aee8       0x10 build/cc26x0-cc13x0/sensortag/cc2650/obj/sicslowpan.o
                0x000000000000aee8                sicslowpan_init
 .text.set_packet_attrs
                0x000000000000aef8       0x74 build/cc26x0-cc13x0/sensortag/cc2650/obj/sicslowpan.o
 .text.compress_addr_64
                0x000000000000af6c       0xa0 build/cc26x0-cc13x0/sensortag/cc2650/obj/sicslowpan.o
 .text.packet_sent
                0x000000000000b00c       0x5c build/cc26x0-cc13x0/sensortag/cc2650/obj/sicslowpan.o
 .text.store_fragment
                0x000000000000b068       0x64 build/cc26x0-cc13x0/sensortag/cc2650/obj/sicslowpan.o
 .text.uncompress_addr
                0x000000000000b0cc       0x9c build/cc26x0-cc13x0/sensortag/cc2650/obj/sicslowpan.o
 .text.fragment_copy_payload_and_send
                0x000000000000b168       0x84 build/cc26x0-cc13x0/sensortag/cc2650/obj/sicslowpan.o
 .text.output   0x000000000000b1ec      0x810 build/cc26x0-cc13x0/sensortag/cc2650/obj/sicslowpan.o
 .text.add_fragment
                0x000000000000b9fc      0x198 build/cc26x0-cc13x0/sensortag/cc2650/obj/sicslowpan.o
 .text.input    0x000000000000bb94      0x984 build/cc26x0-cc13x0/sensortag/cc2650/obj/sicslowpan.o
 .text.init_dag
                0x000000000000c518       0x78 build/cc26x0-cc13x0/sensortag/cc2650/obj/rpl-dag.o
 .text.init_dag_from_dio
                0x000000000000c590       0x6c build/cc26x0-cc13x0/sensortag/cc2650/obj/rpl-dag.o
 .text.rpl_dag_update_state.part.0
                0x000000000000c5fc      0x14c build/cc26x0-cc13x0/sensortag/cc2650/obj/rpl-dag.o
 .text.rpl_dag_get_root_ipaddr
                0x000000000000c748       0x2c build/cc26x0-cc13x0/sensortag/cc2650/obj/rpl-dag.o
                0x000000000000c748                rpl_dag_get_root_ipaddr
 .text.rpl_dag_leave
                0x000000000000c774       0x5c build/cc26x0-cc13x0/sensortag/cc2650/obj/rpl-dag.o
                0x000000000000c774                rpl_dag_leave
 .text.rpl_dag_poison_and_leave
                0x000000000000c7d0       0x10 build/cc26x0-cc13x0/sensortag/cc2650/obj/rpl-dag.o
                0x000000000000c7d0                rpl_dag_poison_and_leave
 .text.rpl_dag_periodic
                0x000000000000c7e0       0x44 build/cc26x0-cc13x0/sensortag/cc2650/obj/rpl-dag.o
                0x000000000000c7e0                rpl_dag_periodic
 .text.rpl_is_addr_in_our_dag
                0x000000000000c824       0x28 build/cc26x0-cc13x0/sensortag/cc2650/obj/rpl-dag.o
                0x000000000000c824                rpl_is_addr_in_our_dag
 .text.rpl_global_repair
                0x000000000000c84c       0x58 build/cc26x0-cc13x0/sensortag/cc2650/obj/rpl-dag.o
                0x000000000000c84c                rpl_global_repair
 .text.rpl_local_repair
                0x000000000000c8a4       0x34 build/cc26x0-cc13x0/sensortag/cc2650/obj/rpl-dag.o
                0x000000000000c8a4                rpl_local_repair
 .text.rpl_dag_ready_to_advertise
                0x000000000000c8d8       0x24 build/cc26x0-cc13x0/sensortag/cc2650/obj/rpl-dag.o
                0x000000000000c8d8                rpl_dag_ready_to_advertise
 .text.rpl_dag_update_state
                0x000000000000c8fc       0x10 build/cc26x0-cc13x0/sensortag/cc2650/obj/rpl-dag.o
                0x000000000000c8fc                rpl_dag_update_state
 .text.rpl_process_dio
                0x000000000000c90c      0x1f8 build/cc26x0-cc13x0/sensortag/cc2650/obj/rpl-dag.o
                0x000000000000c90c                rpl_process_dio
 .text.rpl_process_dis
                0x000000000000cb04       0x28 build/cc26x0-cc13x0/sensortag/cc2650/obj/rpl-dag.o
                0x000000000000cb04                rpl_process_dis
 .text.rpl_process_dao
                0x000000000000cb2c       0x4c build/cc26x0-cc13x0/sensortag/cc2650/obj/rpl-dag.o
                0x000000000000cb2c                rpl_process_dao
 .text.rpl_process_dao_ack
                0x000000000000cb78       0x60 build/cc26x0-cc13x0/sensortag/cc2650/obj/rpl-dag.o
                0x000000000000cb78                rpl_process_dao_ack
 .text.rpl_process_hbh
                0x000000000000cbd8       0x2c build/cc26x0-cc13x0/sensortag/cc2650/obj/rpl-dag.o
                0x000000000000cbd8                rpl_process_hbh
 .text.rpl_dag_init_root
                0x000000000000cc04       0xb4 build/cc26x0-cc13x0/sensortag/cc2650/obj/rpl-dag.o
                0x000000000000cc04                rpl_dag_init_root
 .text.rpl_dag_init
                0x000000000000ccb8       0x10 build/cc26x0-cc13x0/sensortag/cc2650/obj/rpl-dag.o
                0x000000000000ccb8                rpl_dag_init
 .text.remove_neighbor
                0x000000000000ccc8       0x3c build/cc26x0-cc13x0/sensortag/cc2650/obj/rpl-neighbor.o
 .text.best_parent
                0x000000000000cd04       0xac build/cc26x0-cc13x0/sensortag/cc2650/obj/rpl-neighbor.o
 .text.rpl_neighbor_get_from_lladdr
                0x000000000000cdb0       0x10 build/cc26x0-cc13x0/sensortag/cc2650/obj/rpl-neighbor.o
                0x000000000000cdb0                rpl_neighbor_get_from_lladdr
 .text.rpl_neighbor_rank_via_nbr
                0x000000000000cdc0       0x18 build/cc26x0-cc13x0/sensortag/cc2650/obj/rpl-neighbor.o
                0x000000000000cdc0                rpl_neighbor_rank_via_nbr
 .text.rpl_neighbor_get_ipaddr
                0x000000000000cdd8       0x18 build/cc26x0-cc13x0/sensortag/cc2650/obj/rpl-neighbor.o
                0x000000000000cdd8                rpl_neighbor_get_ipaddr
 .text.rpl_neighbor_get_link_stats
                0x000000000000cdf0       0x18 build/cc26x0-cc13x0/sensortag/cc2650/obj/rpl-neighbor.o
                0x000000000000cdf0                rpl_neighbor_get_link_stats
 .text.rpl_neighbor_is_fresh
                0x000000000000ce08       0x1c build/cc26x0-cc13x0/sensortag/cc2650/obj/rpl-neighbor.o
                0x000000000000ce08                rpl_neighbor_is_fresh
 .text.rpl_neighbor_set_preferred_parent
                0x000000000000ce24       0x54 build/cc26x0-cc13x0/sensortag/cc2650/obj/rpl-neighbor.o
                0x000000000000ce24                rpl_neighbor_set_preferred_parent
 .text.rpl_neighbor_remove_all
                0x000000000000ce78       0x5c build/cc26x0-cc13x0/sensortag/cc2650/obj/rpl-neighbor.o
                0x000000000000ce78                rpl_neighbor_remove_all
 .text.rpl_neighbor_get_from_ipaddr
                0x000000000000ced4       0x1c build/cc26x0-cc13x0/sensortag/cc2650/obj/rpl-neighbor.o
                0x000000000000ced4                rpl_neighbor_get_from_ipaddr
 .text.rpl_neighbor_select_best
                0x000000000000cef0       0x6c build/cc26x0-cc13x0/sensortag/cc2650/obj/rpl-neighbor.o
                0x000000000000cef0                rpl_neighbor_select_best
 .text.rpl_neighbor_init
                0x000000000000cf5c       0x14 build/cc26x0-cc13x0/sensortag/cc2650/obj/rpl-neighbor.o
                0x000000000000cf5c                rpl_neighbor_init
 .text.new_dio_interval
                0x000000000000cf70       0x58 build/cc26x0-cc13x0/sensortag/cc2650/obj/rpl-timers.o
 .text.handle_unicast_dio_timer
                0x000000000000cfc8       0x1c build/cc26x0-cc13x0/sensortag/cc2650/obj/rpl-timers.o
 .text.resend_dao
                0x000000000000cfe4       0x64 build/cc26x0-cc13x0/sensortag/cc2650/obj/rpl-timers.o
 .text.handle_dao_ack_timer
                0x000000000000d048       0x14 build/cc26x0-cc13x0/sensortag/cc2650/obj/rpl-timers.o
 .text.handle_leaving_timer